../Core/Library/Acceleration/mpu6050.c:121:6:MPU6050_Init	32	static
../Core/Library/Acceleration/mpu6050.c:153:7:MPU6050_Temperature	32	static
../Core/Library/Acceleration/mpu6050.c:166:6:MPU6050_Accel_Config	32	static
../Core/Library/Acceleration/mpu6050.c:176:7:MPU6050_Read_Accel_X	16	static
../Core/Library/Acceleration/mpu6050.c:183:7:MPU6050_Read_Accel_Y	16	static
../Core/Library/Acceleration/mpu6050.c:190:7:MPU6050_Read_Accel_Z	16	static
../Core/Library/Acceleration/mpu6050.c:197:6:MPU6050_Gyro_Config	32	static
../Core/Library/Acceleration/mpu6050.c:208:7:MPU6050_Read_Gyro_X	8	static
../Core/Library/Acceleration/mpu6050.c:215:7:MPU6050_Read_Gyro_Y	8	static
../Core/Library/Acceleration/mpu6050.c:222:7:MPU6050_Read_Gyro_Z	8	static
../Core/Library/Acceleration/mpu6050.c:228:6:MPU6050_Vel_Config	32	static
../Core/Library/Acceleration/mpu6050.c:244:7:MPU6050_Read_Vel_X	16	static
../Core/Library/Acceleration/mpu6050.c:258:7:MPU6050_Read_Vel_Y	16	static
../Core/Library/Acceleration/mpu6050.c:271:7:MPU6050_Read_Vel_Z	16	static
../Core/Library/Acceleration/mpu6050.c:285:7:MPU6050_Read_Pitch_Angle	80	static
../Core/Library/Acceleration/mpu6050.c:303:7:MPU6050_Read_Roll_Angle	64	static
../Core/Library/Acceleration/mpu6050.c:321:7:MPU6050_Read_Yaw_Angle	24	static
../Core/Library/Acceleration/mpu6050.c:332:7:MPU6050_Kalman_Roll_Angle	24	static
../Core/Library/Acceleration/mpu6050.c:345:8:MPU6050_Kalman_Accel_X	24	static
../Core/Library/Acceleration/mpu6050.c:359:8:MPU6050_Kalman_Accel_Y	24	static
../Core/Library/Acceleration/mpu6050.c:372:8:MPU6050_Kalman_Accel_Z	24	static
../Core/Library/Acceleration/mpu6050.c:385:8:MPU6050_Kalman_Gyro_X	24	static
../Core/Library/Acceleration/mpu6050.c:398:8:MPU6050_Kalman_Gyro_Y	24	static
../Core/Library/Acceleration/mpu6050.c:411:8:MPU6050_Kalman_Gyro_Z	24	static
../Core/Library/Acceleration/mpu6050.c:424:7:MPU6050_Kalman_Temp	24	static
../Core/Library/Acceleration/mpu6050.c:437:8:MPU6050_Kalman_Vel_X	24	static
../Core/Library/Acceleration/mpu6050.c:451:8:MPU6050_Kalman_Vel_Y	24	static
../Core/Library/Acceleration/mpu6050.c:464:8:MPU6050_Kalman_Vel_Z	24	static
