Archive member included to satisfy reference by file (symbol)

C:/ST/STM32CubeIDE_1.14.0/STM32CubeIDE/plugins/com.st.stm32cube.ide.mcu.externaltools.gnu-tools-for-stm32.13.3.rel1.win32_1.0.0.202411081344/tools/bin/../lib/gcc/arm-none-eabi/13.3.1/../../../../arm-none-eabi/lib/thumb/v7e-m+fp/hard\libc_nano.a(libc_a-exit.o)
                              C:/ST/STM32CubeIDE_1.14.0/STM32CubeIDE/plugins/com.st.stm32cube.ide.mcu.externaltools.gnu-tools-for-stm32.13.3.rel1.win32_1.0.0.202411081344/tools/bin/../lib/gcc/arm-none-eabi/13.3.1/../../../../arm-none-eabi/lib/thumb/v7e-m+fp/hard/crt0.o (exit)
C:/ST/STM32CubeIDE_1.14.0/STM32CubeIDE/plugins/com.st.stm32cube.ide.mcu.externaltools.gnu-tools-for-stm32.13.3.rel1.win32_1.0.0.202411081344/tools/bin/../lib/gcc/arm-none-eabi/13.3.1/../../../../arm-none-eabi/lib/thumb/v7e-m+fp/hard\libc_nano.a(libc_a-strtod.o)
                              ./Core/Library/GPS/gps.o (strtod)
C:/ST/STM32CubeIDE_1.14.0/STM32CubeIDE/plugins/com.st.stm32cube.ide.mcu.externaltools.gnu-tools-for-stm32.13.3.rel1.win32_1.0.0.202411081344/tools/bin/../lib/gcc/arm-none-eabi/13.3.1/../../../../arm-none-eabi/lib/thumb/v7e-m+fp/hard\libc_nano.a(libc_a-ctype_.o)
                              ./Core/Src/main.o (_ctype_)
C:/ST/STM32CubeIDE_1.14.0/STM32CubeIDE/plugins/com.st.stm32cube.ide.mcu.externaltools.gnu-tools-for-stm32.13.3.rel1.win32_1.0.0.202411081344/tools/bin/../lib/gcc/arm-none-eabi/13.3.1/../../../../arm-none-eabi/lib/thumb/v7e-m+fp/hard\libc_nano.a(libc_a-nano-vfprintf_float.o)
                              (_printf_float)
C:/ST/STM32CubeIDE_1.14.0/STM32CubeIDE/plugins/com.st.stm32cube.ide.mcu.externaltools.gnu-tools-for-stm32.13.3.rel1.win32_1.0.0.202411081344/tools/bin/../lib/gcc/arm-none-eabi/13.3.1/../../../../arm-none-eabi/lib/thumb/v7e-m+fp/hard\libc_nano.a(libc_a-nano-vfprintf_i.o)
                              C:/ST/STM32CubeIDE_1.14.0/STM32CubeIDE/plugins/com.st.stm32cube.ide.mcu.externaltools.gnu-tools-for-stm32.13.3.rel1.win32_1.0.0.202411081344/tools/bin/../lib/gcc/arm-none-eabi/13.3.1/../../../../arm-none-eabi/lib/thumb/v7e-m+fp/hard\libc_nano.a(libc_a-nano-vfprintf_float.o) (_printf_common)
C:/ST/STM32CubeIDE_1.14.0/STM32CubeIDE/plugins/com.st.stm32cube.ide.mcu.externaltools.gnu-tools-for-stm32.13.3.rel1.win32_1.0.0.202411081344/tools/bin/../lib/gcc/arm-none-eabi/13.3.1/../../../../arm-none-eabi/lib/thumb/v7e-m+fp/hard\libc_nano.a(libc_a-nano-vfscanf_float.o)
                              (_scanf_float)
C:/ST/STM32CubeIDE_1.14.0/STM32CubeIDE/plugins/com.st.stm32cube.ide.mcu.externaltools.gnu-tools-for-stm32.13.3.rel1.win32_1.0.0.202411081344/tools/bin/../lib/gcc/arm-none-eabi/13.3.1/../../../../arm-none-eabi/lib/thumb/v7e-m+fp/hard\libc_nano.a(libc_a-findfp.o)
                              C:/ST/STM32CubeIDE_1.14.0/STM32CubeIDE/plugins/com.st.stm32cube.ide.mcu.externaltools.gnu-tools-for-stm32.13.3.rel1.win32_1.0.0.202411081344/tools/bin/../lib/gcc/arm-none-eabi/13.3.1/../../../../arm-none-eabi/lib/thumb/v7e-m+fp/hard\libc_nano.a(libc_a-exit.o) (__stdio_exit_handler)
C:/ST/STM32CubeIDE_1.14.0/STM32CubeIDE/plugins/com.st.stm32cube.ide.mcu.externaltools.gnu-tools-for-stm32.13.3.rel1.win32_1.0.0.202411081344/tools/bin/../lib/gcc/arm-none-eabi/13.3.1/../../../../arm-none-eabi/lib/thumb/v7e-m+fp/hard\libc_nano.a(libc_a-fwalk.o)
                              C:/ST/STM32CubeIDE_1.14.0/STM32CubeIDE/plugins/com.st.stm32cube.ide.mcu.externaltools.gnu-tools-for-stm32.13.3.rel1.win32_1.0.0.202411081344/tools/bin/../lib/gcc/arm-none-eabi/13.3.1/../../../../arm-none-eabi/lib/thumb/v7e-m+fp/hard\libc_nano.a(libc_a-findfp.o) (_fwalk_sglue)
C:/ST/STM32CubeIDE_1.14.0/STM32CubeIDE/plugins/com.st.stm32cube.ide.mcu.externaltools.gnu-tools-for-stm32.13.3.rel1.win32_1.0.0.202411081344/tools/bin/../lib/gcc/arm-none-eabi/13.3.1/../../../../arm-none-eabi/lib/thumb/v7e-m+fp/hard\libc_nano.a(libc_a-snprintf.o)
                              ./Core/Src/main.o (snprintf)
C:/ST/STM32CubeIDE_1.14.0/STM32CubeIDE/plugins/com.st.stm32cube.ide.mcu.externaltools.gnu-tools-for-stm32.13.3.rel1.win32_1.0.0.202411081344/tools/bin/../lib/gcc/arm-none-eabi/13.3.1/../../../../arm-none-eabi/lib/thumb/v7e-m+fp/hard\libc_nano.a(libc_a-sprintf.o)
                              ./Core/Library/Communication/telemetry_packet.o (sprintf)
C:/ST/STM32CubeIDE_1.14.0/STM32CubeIDE/plugins/com.st.stm32cube.ide.mcu.externaltools.gnu-tools-for-stm32.13.3.rel1.win32_1.0.0.202411081344/tools/bin/../lib/gcc/arm-none-eabi/13.3.1/../../../../arm-none-eabi/lib/thumb/v7e-m+fp/hard\libc_nano.a(libc_a-stdio.o)
                              C:/ST/STM32CubeIDE_1.14.0/STM32CubeIDE/plugins/com.st.stm32cube.ide.mcu.externaltools.gnu-tools-for-stm32.13.3.rel1.win32_1.0.0.202411081344/tools/bin/../lib/gcc/arm-none-eabi/13.3.1/../../../../arm-none-eabi/lib/thumb/v7e-m+fp/hard\libc_nano.a(libc_a-findfp.o) (__sread)
[...]
Memory Configuration

Name             Origin             Length             Attributes
RAM              0x20000000         0x00020000         xrw
FLASH            0x08000000         0x00080000         xr
*default*        0x00000000         0xffffffff

Linker script and memory map

LOAD C:/ST/STM32CubeIDE_1.14.0/STM32CubeIDE/plugins/com.st.stm32cube.ide.mcu.externaltools.gnu-tools-for-stm32.13.3.rel1.win32_1.0.0.202411081344/tools/bin/../lib/gcc/arm-none-eabi/13.3.1/thumb/v7e-m+fp/hard/crti.o
LOAD C:/ST/STM32CubeIDE_1.14.0/STM32CubeIDE/plugins/com.st.stm32cube.ide.mcu.externaltools.gnu-tools-for-stm32.13.3.rel1.win32_1.0.0.202411081344/tools/bin/../lib/gcc/arm-none-eabi/13.3.1/thumb/v7e-m+fp/hard/crtbegin.o
LOAD C:/ST/STM32CubeIDE_1.14.0/STM32CubeIDE/plugins/com.st.stm32cube.ide.mcu.externaltools.gnu-tools-for-stm32.13.3.rel1.win32_1.0.0.202411081344/tools/bin/../lib/gcc/arm-none-eabi/13.3.1/../../../../arm-none-eabi/lib/thumb/v7e-m+fp/hard/crt0.o
LOAD ./Core/Library/Acceleration/mpu6050.o
LOAD ./Core/Library/Communication/lora_e22.o
LOAD ./Core/Library/Communication/telemetry_packet.o
LOAD ./Core/Library/GPS/gps.o
LOAD ./Core/Library/Pressure/bmp280.o
LOAD ./Core/Library/SDCard/sdcard.o
LOAD ./Core/Library/Servo/servo.o
LOAD ./Core/Library/TeleCommand/telecommand.o
LOAD ./Core/Library/Utility/utility.o
LOAD ./Core/Src/freertos.o
LOAD ./Core/Src/main.o
LOAD ./Core/Src/stm32f4xx_hal_msp.o
LOAD ./Core/Src/stm32f4xx_hal_timebase_tim.o
LOAD ./Core/Src/stm32f4xx_it.o
LOAD ./Core/Src/syscalls.o
LOAD ./Core/Src/sysmem.o
LOAD ./Core/Src/system_stm32f4xx.o
LOAD ./Core/Startup/startup_stm32f446retx.o
LOAD ./Drivers/STM32F4xx_HAL_Driver/Src/stm32f4xx_hal.o
LOAD ./Drivers/STM32F4xx_HAL_Driver/Src/stm32f4xx_hal_adc.o
LOAD ./Drivers/STM32F4xx_HAL_Driver/Src/stm32f4xx_hal_adc_ex.o
LOAD ./Drivers/STM32F4xx_HAL_Driver/Src/stm32f4xx_hal_cortex.o
LOAD ./Drivers/STM32F4xx_HAL_Driver/Src/stm32f4xx_hal_dma.o
LOAD ./Drivers/STM32F4xx_HAL_Driver/Src/stm32f4xx_hal_dma_ex.o
LOAD ./Drivers/STM32F4xx_HAL_Driver/Src/stm32f4xx_hal_exti.o
LOAD ./Drivers/STM32F4xx_HAL_Driver/Src/stm32f4xx_hal_flash.o
LOAD ./Drivers/STM32F4xx_HAL_Driver/Src/stm32f4xx_hal_flash_ex.o
LOAD ./Drivers/STM32F4xx_HAL_Driver/Src/stm32f4xx_hal_flash_ramfunc.o
LOAD ./Drivers/STM32F4xx_HAL_Driver/Src/stm32f4xx_hal_gpio.o
LOAD ./Drivers/STM32F4xx_HAL_Driver/Src/stm32f4xx_hal_i2c.o
LOAD ./Drivers/STM32F4xx_HAL_Driver/Src/stm32f4xx_hal_i2c_ex.o
LOAD ./Drivers/STM32F4xx_HAL_Driver/Src/stm32f4xx_hal_pwr.o
LOAD ./Drivers/STM32F4xx_HAL_Driver/Src/stm32f4xx_hal_pwr_ex.o
LOAD ./Drivers/STM32F4xx_HAL_Driver/Src/stm32f4xx_hal_rcc.o
LOAD ./Drivers/STM32F4xx_HAL_Driver/Src/stm32f4xx_hal_rcc_ex.o
LOAD ./Drivers/STM32F4xx_HAL_Driver/Src/stm32f4xx_hal_spi.o
LOAD ./Drivers/STM32F4xx_HAL_Driver/Src/stm32f4xx_hal_tim.o
LOAD ./Drivers/STM32F4xx_HAL_Driver/Src/stm32f4xx_hal_tim_ex.o
LOAD ./Drivers/STM32F4xx_HAL_Driver/Src/stm32f4xx_hal_uart.o
LOAD ./Drivers/STM32F4xx_HAL_Driver/Src/stm32f4xx_ll_adc.o
LOAD ./Middlewares/Third_Party/FreeRTOS/Source/CMSIS_RTOS_V2/cmsis_os2.o
LOAD ./Middlewares/Third_Party/FreeRTOS/Source/croutine.o
LOAD ./Middlewares/Third_Party/FreeRTOS/Source/event_groups.o
LOAD ./Middlewares/Third_Party/FreeRTOS/Source/list.o
LOAD ./Middlewares/Third_Party/FreeRTOS/Source/queue.o
LOAD ./Middlewares/Third_Party/FreeRTOS/Source/stream_buffer.o
LOAD ./Middlewares/Third_Party/FreeRTOS/Source/tasks.o
LOAD ./Middlewares/Third_Party/FreeRTOS/Source/timers.o
LOAD ./Middlewares/Third_Party/FreeRTOS/Source/portable/GCC/ARM_CM4F/port.o
LOAD ./Middlewares/Third_Party/FreeRTOS/Source/portable/MemMang/heap_4.o
START GROUP
LOAD C:/ST/STM32CubeIDE_1.14.0/STM32CubeIDE/plugins/com.st.stm32cube.ide.mcu.externaltools.gnu-tools-for-stm32.13.3.rel1.win32_1.0.0.202411081344/tools/bin/../lib/gcc/arm-none-eabi/13.3.1/../../../../arm-none-eabi/lib/thumb/v7e-m+fp/hard\libc_nano.a
LOAD C:/ST/STM32CubeIDE_1.14.0/STM32CubeIDE/plugins/com.st.stm32cube.ide.mcu.externaltools.gnu-tools-for-stm32.13.3.rel1.win32_1.0.0.202411081344/tools/bin/../lib/gcc/arm-none-eabi/13.3.1/../../../../arm-none-eabi/lib/thumb/v7e-m+fp/hard\libm.a
END GROUP
START GROUP
LOAD C:/ST/STM32CubeIDE_1.14.0/STM32CubeIDE/plugins/com.st.stm32cube.ide.mcu.externaltools.gnu-tools-for-stm32.13.3.rel1.win32_1.0.0.202411081344/tools/bin/../lib/gcc/arm-none-eabi/13.3.1/thumb/v7e-m+fp/hard\libgcc.a
LOAD C:/ST/STM32CubeIDE_1.14.0/STM32CubeIDE/plugins/com.st.stm32cube.ide.mcu.externaltools.gnu-tools-for-stm32.13.3.rel1.win32_1.0.0.202411081344/tools/bin/../lib/gcc/arm-none-eabi/13.3.1/../../../../arm-none-eabi/lib/thumb/v7e-m+fp/hard\libc_nano.a
END GROUP
START GROUP
LOAD C:/ST/STM32CubeIDE_1.14.0/STM32CubeIDE/plugins/com.st.stm32cube.ide.mcu.externaltools.gnu-tools-for-stm32.13.3.rel1.win32_1.0.0.202411081344/tools/bin/../lib/gcc/arm-none-eabi/13.3.1/thumb/v7e-m+fp/hard\libgcc.a
LOAD C:/ST/STM32CubeIDE_1.14.0/STM32CubeIDE/plugins/com.st.stm32cube.ide.mcu.externaltools.gnu-tools-for-stm32.13.3.rel1.win32_1.0.0.202411081344/tools/bin/../lib/gcc/arm-none-eabi/13.3.1/../../../../arm-none-eabi/lib/thumb/v7e-m+fp/hard\libc_nano.a
LOAD C:/ST/STM32CubeIDE_1.14.0/STM32CubeIDE/plugins/com.st.stm32cube.ide.mcu.externaltools.gnu-tools-for-stm32.13.3.rel1.win32_1.0.0.202411081344/tools/bin/../lib/gcc/arm-none-eabi/13.3.1/../../../../arm-none-eabi/lib/thumb/v7e-m+fp/hard\libnosys.a
END GROUP
START GROUP
LOAD C:/ST/STM32CubeIDE_1.14.0/STM32CubeIDE/plugins/com.st.stm32cube.ide.mcu.externaltools.gnu-tools-for-stm32.13.3.rel1.win32_1.0.0.202411081344/tools/bin/../lib/gcc/arm-none-eabi/13.3.1/thumb/v7e-m+fp/hard\libgcc.a
LOAD C:/ST/STM32CubeIDE_1.14.0/STM32CubeIDE/plugins/com.st.stm32cube.ide.mcu.externaltools.gnu-tools-for-stm32.13.3.rel1.win32_1.0.0.202411081344/tools/bin/../lib/gcc/arm-none-eabi/13.3.1/../../../../arm-none-eabi/lib/thumb/v7e-m+fp/hard\libc_nano.a
LOAD C:/ST/STM32CubeIDE_1.14.0/STM32CubeIDE/plugins/com.st.stm32cube.ide.mcu.externaltools.gnu-tools-for-stm32.13.3.rel1.win32_1.0.0.202411081344/tools/bin/../lib/gcc/arm-none-eabi/13.3.1/../../../../arm-none-eabi/lib/thumb/v7e-m+fp/hard\libnosys.a
END GROUP
LOAD C:/ST/STM32CubeIDE_1.14.0/STM32CubeIDE/plugins/com.st.stm32cube.ide.mcu.externaltools.gnu-tools-for-stm32.13.3.rel1.win32_1.0.0.202411081344/tools/bin/../lib/gcc/arm-none-eabi/13.3.1/thumb/v7e-m+fp/hard/crtend.o
LOAD C:/ST/STM32CubeIDE_1.14.0/STM32CubeIDE/plugins/com.st.stm32cube.ide.mcu.externaltools.gnu-tools-for-stm32.13.3.rel1.win32_1.0.0.202411081344/tools/bin/../lib/gcc/arm-none-eabi/13.3.1/thumb/v7e-m+fp/hard/crtn.o
                0x20020000                        _estack = (ORIGIN (RAM) + LENGTH (RAM))
                0x00000200                        _Min_Heap_Size = 0x200
                0x00000400                        _Min_Stack_Size = 0x400

.isr_vector     0x08000000      0x1c4
                0x08000000                        . = ALIGN (0x4)
 *(.isr_vector)
 .isr_vector    0x08000000      0x1c4 ./Core/Startup/startup_stm32f446retx.o
                0x08000000                g_pfnVectors
                0x080001c4                        . = ALIGN (0x4)

.text           0x080001d0    0x157f0
                0x080001d0                        . = ALIGN (0x4)
 *(.text)
 .text          0x080001d0       0x40 C:/ST/STM32CubeIDE_1.14.0/STM32CubeIDE/plugins/com.st.stm32cube.ide.mcu.externaltools.gnu-tools-for-stm32.13.3.rel1.win32_1.0.0.202411081344/tools/bin/../lib/gcc/arm-none-eabi/13.3.1/thumb/v7e-m+fp/hard/crtbegin.o
 .text          0x08000210       0x14 C:/ST/STM32CubeIDE_1.14.0/STM32CubeIDE/plugins/com.st.stm32cube.ide.mcu.externaltools.gnu-tools-for-stm32.13.3.rel1.win32_1.0.0.202411081344/tools/bin/../lib/gcc/arm-none-eabi/13.3.1/../../../../arm-none-eabi/lib/thumb/v7e-m+fp/hard\libc_nano.a(libc_a-strcmp.o)
                0x08000210                strcmp
 *fill*         0x08000224        0xc 
 .text          0x08000230       0xa0 C:/ST/STM32CubeIDE_1.14.0/STM32CubeIDE/plugins/com.st.stm32cube.ide.mcu.externaltools.gnu-tools-for-stm32.13.3.rel1.win32_1.0.0.202411081344/tools/bin/../lib/gcc/arm-none-eabi/13.3.1/../../../../arm-none-eabi/lib/thumb/v7e-m+fp/hard\libc_nano.a(libc_a-memchr.o)
                0x08000230                memchr
 .text          0x080002d0       0x10 C:/ST/STM32CubeIDE_1.14.0/STM32CubeIDE/plugins/com.st.stm32cube.ide.mcu.externaltools.gnu-tools-for-stm32.13.3.rel1.win32_1.0.0.202411081344/tools/bin/../lib/gcc/arm-none-eabi/13.3.1/../../../../arm-none-eabi/lib/thumb/v7e-m+fp/hard\libc_nano.a(libc_a-strlen.o)
                0x080002d0                strlen
 .text          0x080002e0      0x378 C:/ST/STM32CubeIDE_1.14.0/STM32CubeIDE/plugins/com.st.stm32cube.ide.mcu.externaltools.gnu-tools-for-stm32.13.3.rel1.win32_1.0.0.202411081344/tools/bin/../lib/gcc/arm-none-eabi/13.3.1/thumb/v7e-m+fp/hard\libgcc.a(_arm_addsubdf3.o)
                0x080002e0                __aeabi_drsub
                0x080002e8                __aeabi_dsub
                0x080002e8                __subdf3
                0x080002ec                __aeabi_dadd
                0x080002ec                __adddf3
                0x08000564                __floatunsidf
                0x08000564                __aeabi_ui2d
                0x08000584                __floatsidf
                0x08000584                __aeabi_i2d
                0x080005a8                __aeabi_f2d
                0x080005a8                __extendsfdf2
                0x080005ec                __floatundidf
                0x080005ec                __aeabi_ul2d
                0x080005fc                __floatdidf
                0x080005fc                __aeabi_l2d
 .text          0x08000658      0x424 C:/ST/STM32CubeIDE_1.14.0/STM32CubeIDE/plugins/com.st.stm32cube.ide.mcu.externaltools.gnu-tools-for-stm32.13.3.rel1.win32_1.0.0.202411081344/tools/bin/../lib/gcc/arm-none-eabi/13.3.1/thumb/v7e-m+fp/hard\libgcc.a(_arm_muldivdf3.o)
                0x08000658                __aeabi_dmul
                0x08000658                __muldf3
                0x080008ac                __divdf3
                0x080008ac                __aeabi_ddiv
 .text          0x08000a7c      0x110 C:/ST/STM32CubeIDE_1.14.0/STM32CubeIDE/plugins/com.st.stm32cube.ide.mcu.externaltools.gnu-tools-for-stm32.13.3.rel1.win32_1.0.0.202411081344/tools/bin/../lib/gcc/arm-none-eabi/13.3.1/thumb/v7e-m+fp/hard\libgcc.a(_arm_cmpdf2.o)
                0x08000a7c                __gtdf2
                0x08000a7c                __gedf2
                0x08000a84                __ltdf2
                0x08000a84                __ledf2
                0x08000a8c                __nedf2
                0x08000a8c                __eqdf2
                0x08000a8c                __cmpdf2
                0x08000b08                __aeabi_cdrcmple
                0x08000b18                __aeabi_cdcmpeq
                0x08000b18                __aeabi_cdcmple
                0x08000b28                __aeabi_dcmpeq
                0x08000b3c                __aeabi_dcmplt
                0x08000b50                __aeabi_dcmple
                0x08000b64                __aeabi_dcmpge
                0x08000b78                __aeabi_dcmpgt
 .text          0x08000b8c       0x2c C:/ST/STM32CubeIDE_1.14.0/STM32CubeIDE/plugins/com.st.stm32cube.ide.mcu.externaltools.gnu-tools-for-stm32.13.3.rel1.win32_1.0.0.202411081344/tools/bin/../lib/gcc/arm-none-eabi/13.3.1/thumb/v7e-m+fp/hard\libgcc.a(_arm_unorddf2.o)
                0x08000b8c                __unorddf2
                0x08000b8c                __aeabi_dcmpun
 .text          0x08000bb8       0x50 C:/ST/STM32CubeIDE_1.14.0/STM32CubeIDE/plugins/com.st.stm32cube.ide.mcu.externaltools.gnu-tools-for-stm32.13.3.rel1.win32_1.0.0.202411081344/tools/bin/../lib/gcc/arm-none-eabi/13.3.1/thumb/v7e-m+fp/hard\libgcc.a(_arm_fixdfsi.o)
                0x08000bb8                __aeabi_d2iz
                0x08000bb8                __fixdfsi
 .text          0x08000c08       0x40 C:/ST/STM32CubeIDE_1.14.0/STM32CubeIDE/plugins/com.st.stm32cube.ide.mcu.externaltools.gnu-tools-for-stm32.13.3.rel1.win32_1.0.0.202411081344/tools/bin/../lib/gcc/arm-none-eabi/13.3.1/thumb/v7e-m+fp/hard\libgcc.a(_arm_fixunsdfsi.o)
                0x08000c08                __aeabi_d2uiz
                0x08000c08                __fixunsdfsi
 .text          0x08000c48       0xa0 C:/ST/STM32CubeIDE_1.14.0/STM32CubeIDE/plugins/com.st.stm32cube.ide.mcu.externaltools.gnu-tools-for-stm32.13.3.rel1.win32_1.0.0.202411081344/tools/bin/../lib/gcc/arm-none-eabi/13.3.1/thumb/v7e-m+fp/hard\libgcc.a(_arm_truncdfsf2.o)
                0x08000c48                __truncdfsf2
                0x08000c48                __aeabi_d2f
 .text          0x08000ce8       0xa0 C:/ST/STM32CubeIDE_1.14.0/STM32CubeIDE/plugins/com.st.stm32cube.ide.mcu.externaltools.gnu-tools-for-stm32.13.3.rel1.win32_1.0.0.202411081344/tools/bin/../lib/gcc/arm-none-eabi/13.3.1/thumb/v7e-m+fp/hard\libgcc.a(_aeabi_ldivmod.o)
                0x08000ce8                __aeabi_ldivmod
 .text          0x08000d88       0x30 C:/ST/STM32CubeIDE_1.14.0/STM32CubeIDE/plugins/com.st.stm32cube.ide.mcu.externaltools.gnu-tools-for-stm32.13.3.rel1.win32_1.0.0.202411081344/tools/bin/../lib/gcc/arm-none-eabi/13.3.1/thumb/v7e-m+fp/hard\libgcc.a(_aeabi_uldivmod.o)
                0x08000d88                __aeabi_uldivmod
 .text          0x08000db8       0x30 C:/ST/STM32CubeIDE_1.14.0/STM32CubeIDE/plugins/com.st.stm32cube.ide.mcu.externaltools.gnu-tools-for-stm32.13.3.rel1.win32_1.0.0.202411081344/tools/bin/../lib/gcc/arm-none-eabi/13.3.1/thumb/v7e-m+fp/hard\libgcc.a(_fixdfdi.o)
                0x08000db8                __fixdfdi
                0x08000db8                __aeabi_d2lz
 .text          0x08000de8       0x3c C:/ST/STM32CubeIDE_1.14.0/STM32CubeIDE/plugins/com.st.stm32cube.ide.mcu.externaltools.gnu-tools-for-stm32.13.3.rel1.win32_1.0.0.202411081344/tools/bin/../lib/gcc/arm-none-eabi/13.3.1/thumb/v7e-m+fp/hard\libgcc.a(_fixunsdfdi.o)
                0x08000de8                __fixunsdfdi
                0x08000de8                __aeabi_d2ulz
 .text          0x08000e24      0x2f8 C:/ST/STM32CubeIDE_1.14.0/STM32CubeIDE/plugins/com.st.stm32cube.ide.mcu.externaltools.gnu-tools-for-stm32.13.3.rel1.win32_1.0.0.202411081344/tools/bin/../lib/gcc/arm-none-eabi/13.3.1/thumb/v7e-m+fp/hard\libgcc.a(_udivmoddi4.o)
                0x08000e24                __udivmoddi4
 .text          0x0800111c        0x4 C:/ST/STM32CubeIDE_1.14.0/STM32CubeIDE/plugins/com.st.stm32cube.ide.mcu.externaltools.gnu-tools-for-stm32.13.3.rel1.win32_1.0.0.202411081344/tools/bin/../lib/gcc/arm-none-eabi/13.3.1/thumb/v7e-m+fp/hard\libgcc.a(_dvmd_tls.o)
                0x0800111c                __aeabi_idiv0
                0x0800111c                __aeabi_ldiv0
 *(.text*)
 .text.MPU6050_Init
                0x08001120       0xac ./Core/Library/Acceleration/mpu6050.o
                0x08001120                MPU6050_Init
 .text.MPU6050_Accel_Config
                0x080011cc       0x74 ./Core/Library/Acceleration/mpu6050.o
                0x080011cc                MPU6050_Accel_Config
 .text.MPU6050_Read_Accel_X
                0x08001240       0x6c ./Core/Library/Acceleration/mpu6050.o
                0x08001240                MPU6050_Read_Accel_X
 .text.MPU6050_Read_Accel_Y
                0x080012ac       0x6c ./Core/Library/Acceleration/mpu6050.o
                0x080012ac                MPU6050_Read_Accel_Y
 .text.MPU6050_Read_Accel_Z
                0x08001318       0x6c ./Core/Library/Acceleration/mpu6050.o
                0x08001318                MPU6050_Read_Accel_Z
 .text.MPU6050_Gyro_Config
                0x08001384       0x74 ./Core/Library/Acceleration/mpu6050.o
                0x08001384                MPU6050_Gyro_Config
 .text.MPU6050_Read_Gyro_X
                0x080013f8       0x40 ./Core/Library/Acceleration/mpu6050.o
                0x080013f8                MPU6050_Read_Gyro_X
 .text.MPU6050_Read_Gyro_Y
                0x08001438       0x40 ./Core/Library/Acceleration/mpu6050.o
                0x08001438                MPU6050_Read_Gyro_Y
 .text.MPU6050_Read_Gyro_Z
                0x08001478       0x40 ./Core/Library/Acceleration/mpu6050.o
                0x08001478                MPU6050_Read_Gyro_Z
 .text.MPU6050_Read_Pitch_Angle
                0x080014b8      0x154 ./Core/Library/Acceleration/mpu6050.o
                0x080014b8                MPU6050_Read_Pitch_Angle
 *fill*         0x0800160c        0x4 
 .text.MPU6050_Read_Roll_Angle
                0x08001610      0x144 ./Core/Library/Acceleration/mpu6050.o
                0x08001610                MPU6050_Read_Roll_Angle
 *fill*         0x08001754        0x4 
 .text.MPU6050_Read_Yaw_Angle
                0x08001758       0x6c ./Core/Library/Acceleration/mpu6050.o
                0x08001758                MPU6050_Read_Yaw_Angle
 .text.MPU6050_Kalman_Accel_X
                0x080017c4      0x144 ./Core/Library/Acceleration/mpu6050.o
                0x080017c4                MPU6050_Kalman_Accel_X
 .text.MPU6050_Kalman_Accel_Y
                0x08001908      0x144 ./Core/Library/Acceleration/mpu6050.o
                0x08001908                MPU6050_Kalman_Accel_Y
 .text.MPU6050_Kalman_Accel_Z
                0x08001a4c      0x144 ./Core/Library/Acceleration/mpu6050.o
                0x08001a4c                MPU6050_Kalman_Accel_Z
 .text.MPU6050_Kalman_Gyro_X
                0x08001b90      0x144 ./Core/Library/Acceleration/mpu6050.o
                0x08001b90                MPU6050_Kalman_Gyro_X
 .text.MPU6050_Kalman_Gyro_Y
                0x08001cd4      0x144 ./Core/Library/Acceleration/mpu6050.o
                0x08001cd4                MPU6050_Kalman_Gyro_Y
 .text.MPU6050_Kalman_Gyro_Z
                0x08001e18      0x144 ./Core/Library/Acceleration/mpu6050.o
                0x08001e18                MPU6050_Kalman_Gyro_Z
 .text.Lora_Init
                0x08001f5c       0xa0 ./Core/Library/Communication/lora_e22.o
                0x08001f5c                Lora_Init
 .text.Lora_Filling
                0x08001ffc       0x4c ./Core/Library/Communication/lora_e22.o
                0x08001ffc                Lora_Filling
 .text.Lora_Transmiter
                0x08002048       0x54 ./Core/Library/Communication/lora_e22.o
                0x08002048                Lora_Transmiter
 .text.calculate_crc16
                0x0800209c       0x7c ./Core/Library/Communication/telemetry_packet.o
                0x0800209c                calculate_crc16
 .text.constrain
                0x08002118       0x52 ./Core/Library/Communication/telemetry_packet.o
                0x08002118                constrain
 *fill*         0x0800216a        0x6 
 .text.convert_gps_coordinate
                0x08002170       0x38 ./Core/Library/Communication/telemetry_packet.o
                0x08002170                convert_gps_coordinate
 .text.pack_error_code
                0x080021a8       0x86 ./Core/Library/Communication/telemetry_packet.o
                0x080021a8                pack_error_code
 .text.pack_rhrh
                0x0800222e       0x9a ./Core/Library/Communication/telemetry_packet.o
                0x0800222e                pack_rhrh
 .text.CreateBinaryTelemetryPacket
                0x080022c8      0x37c ./Core/Library/Communication/telemetry_packet.o
                0x080022c8                CreateBinaryTelemetryPacket
 .text.CreateShortTimeString
                0x08002644       0xa0 ./Core/Library/Communication/telemetry_packet.o
                0x08002644                CreateShortTimeString
 .text.UpdateOptimizedSatelliteStatus
                0x080026e4      0x18c ./Core/Library/Communication/telemetry_packet.o
                0x080026e4                UpdateOptimizedSatelliteStatus
 .text.UpdateOptimizedErrorCode
                0x08002870      0x170 ./Core/Library/Communication/telemetry_packet.o
                0x08002870                UpdateOptimizedErrorCode
 .text.prv_parse_number
                0x080029e0       0x94 ./Core/Library/GPS/gps.o
 .text.prv_parse_float_number
                0x08002a74       0x4e ./Core/Library/GPS/gps.o
 *fill*         0x08002ac2        0x2 
 .text.prv_parse_lat_long
                0x08002ac4       0xa0 ./Core/Library/GPS/gps.o
 .text.prv_parse_term
                0x08002b64      0x558 ./Core/Library/GPS/gps.o
 .text.prv_check_crc
                0x080030bc      0x116 ./Core/Library/GPS/gps.o
 .text.prv_copy_from_tmp_memory
                0x080031d2      0x14e ./Core/Library/GPS/gps.o
 .text.lwgps_init
                0x08003320       0x1c ./Core/Library/GPS/gps.o
                0x08003320                lwgps_init
 .text.lwgps_process
                0x0800333c      0x180 ./Core/Library/GPS/gps.o
                0x0800333c                lwgps_process
 .text.bmp280_init_default_params
                0x080034bc       0x38 ./Core/Library/Pressure/bmp280.o
 .text.read_register16
                0x080034f4       0x60 ./Core/Library/Pressure/bmp280.o
 .text.read_data
                0x08003554       0x50 ./Core/Library/Pressure/bmp280.o
 .text.read_calibration_data
                0x080035a4      0x104 ./Core/Library/Pressure/bmp280.o
 .text.read_hum_calibration_data
                0x080036a8       0xc2 ./Core/Library/Pressure/bmp280.o
 .text.write_register8
                0x0800376a       0x4a ./Core/Library/Pressure/bmp280.o
 .text.bmp280_init
                0x080037b4      0x162 ./Core/Library/Pressure/bmp280.o
                0x080037b4                bmp280_init
 .text.compensate_temperature
                0x08003916       0x72 ./Core/Library/Pressure/bmp280.o
 .text.compensate_pressure
                0x08003988      0x57c ./Core/Library/Pressure/bmp280.o
 .text.compensate_humidity
                0x08003f04       0xbe ./Core/Library/Pressure/bmp280.o
 .text.bmp280_read_fixed
                0x08003fc2       0xca ./Core/Library/Pressure/bmp280.o
                0x08003fc2                bmp280_read_fixed
 .text.bmp280_read_float
                0x0800408c       0x98 ./Core/Library/Pressure/bmp280.o
                0x0800408c                bmp280_read_float
 .text.BME280_Init
                0x08004124       0x40 ./Core/Library/Pressure/bmp280.o
                0x08004124                BME280_Init
 .text.BME280_Calculate_Data
                0x08004164       0xb8 ./Core/Library/Pressure/bmp280.o
                0x08004164                BME280_Calculate_Data
 *fill*         0x0800421c        0x4 
 .text.BME280_Altitude
                0x08004220       0xa8 ./Core/Library/Pressure/bmp280.o
                0x08004220                BME280_Altitude
 .text.BME280_Kalman_Press
                0x080042c8      0x138 ./Core/Library/Pressure/bmp280.o
                0x080042c8                BME280_Kalman_Press
 .text.BME280_Kalman_Hum
                0x08004400      0x138 ./Core/Library/Pressure/bmp280.o
                0x08004400                BME280_Kalman_Hum
 .text.BME280_Kalman_Temp
                0x08004538      0x138 ./Core/Library/Pressure/bmp280.o
                0x08004538                BME280_Kalman_Temp
 .text.AngleToCCR
                0x08004670       0x40 ./Core/Library/Servo/servo.o
 .text.ServoInit
                0x080046b0       0x20 ./Core/Library/Servo/servo.o
                0x080046b0                ServoInit
 .text.Servo1SetAngle
                0x080046d0       0x24 ./Core/Library/Servo/servo.o
                0x080046d0                Servo1SetAngle
 .text.Servo2SetAngle
                0x080046f4       0x28 ./Core/Library/Servo/servo.o
                0x080046f4                Servo2SetAngle
 .text.Telecommand_SetMotorPins
                0x0800471c       0xf8 ./Core/Library/TeleCommand/telecommand.o
                0x0800471c                Telecommand_SetMotorPins
 .text.Telecommand_StepMotor
                0x08004814       0xa0 ./Core/Library/TeleCommand/telecommand.o
                0x08004814                Telecommand_StepMotor
 .text.Telecommand_CalculateStepsToPosition
                0x080048b4       0x4c ./Core/Library/TeleCommand/telecommand.o
                0x080048b4                Telecommand_CalculateStepsToPosition
 .text.Telecommand_MoveBothMotors
                0x08004900       0xe8 ./Core/Library/TeleCommand/telecommand.o
                0x08004900                Telecommand_MoveBothMotors
 .text.Telecommand_ReturnHome
                0x080049e8       0x10 ./Core/Library/TeleCommand/telecommand.o
                0x080049e8                Telecommand_ReturnHome
 .text.Telecommand_GetFilterPosition
                0x080049f8      0x104 ./Core/Library/TeleCommand/telecommand.o
                0x080049f8                Telecommand_GetFilterPosition
 .text.Telecommand_Execute
                0x08004afc       0xaa ./Core/Library/TeleCommand/telecommand.o
                0x08004afc                Telecommand_Execute
 *fill*         0x08004ba6        0x2 
 .text.HAL_UART_RxCpltCallback
                0x08004ba8      0x140 ./Core/Src/main.o
                0x08004ba8                HAL_UART_RxCpltCallback
 .text.BMP280Process
                0x08004ce8       0x34 ./Core/Src/main.o
                0x08004ce8                BMP280Process
 .text.MPU6050Process
                0x08004d1c       0xdc ./Core/Src/main.o
                0x08004d1c                MPU6050Process
 .text.GPSProcess
                0x08004df8       0x72 ./Core/Src/main.o
                0x08004df8                GPSProcess
 .text.CalculateVelocityCallback
                0x08004e6a       0x32 ./Core/Src/main.o
                0x08004e6a                CalculateVelocityCallback
 .text.ReadOptimizedBatteryVoltage
                0x08004e9c       0x78 ./Core/Src/main.o
                0x08004e9c                ReadOptimizedBatteryVoltage
 .text.LoraWriteProcess
                0x08004f14      0x3e4 ./Core/Src/main.o
                0x08004f14                LoraWriteProcess
 .text.LoraReadProcess
                0x080052f8      0x14c ./Core/Src/main.o
                0x080052f8                LoraReadProcess
 .text.main     0x08005444      0x2b8 ./Core/Src/main.o
                0x08005444                main
 .text.SystemClock_Config
                0x080056fc       0xe4 ./Core/Src/main.o
                0x080056fc                SystemClock_Config
 .text.MX_ADC1_Init
                0x080057e0       0xa4 ./Core/Src/main.o
 .text.MX_I2C1_Init
                0x08005884       0x5c ./Core/Src/main.o
 .text.MX_I2C3_Init
                0x080058e0       0x5c ./Core/Src/main.o
 .text.MX_SPI1_Init
                0x0800593c       0x6c ./Core/Src/main.o
 .text.MX_TIM2_Init
                0x080059a8       0xec ./Core/Src/main.o
 .text.MX_TIM3_Init
                0x08005a94       0xec ./Core/Src/main.o
 .text.MX_TIM6_Init
                0x08005b80       0x6c ./Core/Src/main.o
 .text.MX_TIM7_Init
                0x08005bec       0x6c ./Core/Src/main.o
 .text.MX_USART2_UART_Init
                0x08005c58       0x54 ./Core/Src/main.o
 .text.MX_USART6_UART_Init
                0x08005cac       0x54 ./Core/Src/main.o
 .text.MX_GPIO_Init
                0x08005d00      0x14c ./Core/Src/main.o
 .text.StartDefaultTask
                0x08005e4c       0x6c ./Core/Src/main.o
                0x08005e4c                StartDefaultTask
 .text.BMPProcessTaskCallback
                0x08005eb8       0x1e ./Core/Src/main.o
                0x08005eb8                BMPProcessTaskCallback
 .text.MPUProcessTaskCallback
                0x08005ed6       0x20 ./Core/Src/main.o
                0x08005ed6                MPUProcessTaskCallback
 .text.SDWriteTaskCallback
                0x08005ef6       0x10 ./Core/Src/main.o
                0x08005ef6                SDWriteTaskCallback
 *fill*         0x08005f06        0x2 
 .text.ServoTaskCallback
                0x08005f08       0x84 ./Core/Src/main.o
                0x08005f08                ServoTaskCallback
 .text.TelecommandTask
                0x08005f8c       0x60 ./Core/Src/main.o
                0x08005f8c                TelecommandTask
 .text.LoraTaskCallback
                0x08005fec       0x1c ./Core/Src/main.o
                0x08005fec                LoraTaskCallback
 .text.GPSProcessCallback
                0x08006008       0x80 ./Core/Src/main.o
                0x08006008                GPSProcessCallback
 .text.LoraParseCallback
                0x08006088       0x6c ./Core/Src/main.o
                0x08006088                LoraParseCallback
 .text.SeperationStateCallback
                0x080060f4       0xa8 ./Core/Src/main.o
                0x080060f4                SeperationStateCallback
 .text.LoraWriteTimerCallBack
                0x0800619c       0x5c ./Core/Src/main.o
                0x0800619c                LoraWriteTimerCallBack
 .text.VelocityCalculateTimerCallback
                0x080061f8       0x1a ./Core/Src/main.o
                0x080061f8                VelocityCalculateTimerCallback
 *fill*         0x08006212        0x2 
 .text.SeparationTimerCallback
                0x08006214       0x30 ./Core/Src/main.o
                0x08006214                SeparationTimerCallback
 .text.HAL_TIM_PeriodElapsedCallback
                0x08006244       0x24 ./Core/Src/main.o
                0x08006244                HAL_TIM_PeriodElapsedCallback
 .text.Error_Handler
                0x08006268        0xc ./Core/Src/main.o
                0x08006268                Error_Handler
 .text.HAL_MspInit
                0x08006274       0x58 ./Core/Src/stm32f4xx_hal_msp.o
                0x08006274                HAL_MspInit
 .text.HAL_ADC_MspInit
                0x080062cc       0x88 ./Core/Src/stm32f4xx_hal_msp.o
                0x080062cc                HAL_ADC_MspInit
 .text.HAL_I2C_MspInit
                0x08006354      0x140 ./Core/Src/stm32f4xx_hal_msp.o
                0x08006354                HAL_I2C_MspInit
 .text.HAL_SPI_MspInit
                0x08006494       0x90 ./Core/Src/stm32f4xx_hal_msp.o
                0x08006494                HAL_SPI_MspInit
 .text.HAL_TIM_Base_MspInit
                0x08006524       0xd0 ./Core/Src/stm32f4xx_hal_msp.o
                0x08006524                HAL_TIM_Base_MspInit
 .text.HAL_TIM_MspPostInit
                0x080065f4       0xc0 ./Core/Src/stm32f4xx_hal_msp.o
                0x080065f4                HAL_TIM_MspPostInit
 .text.HAL_UART_MspInit
                0x080066b4      0x10c ./Core/Src/stm32f4xx_hal_msp.o
                0x080066b4                HAL_UART_MspInit
 .text.HAL_InitTick
                0x080067c0       0xe8 ./Core/Src/stm32f4xx_hal_timebase_tim.o
                0x080067c0                HAL_InitTick
 .text.NMI_Handler
                0x080068a8        0x8 ./Core/Src/stm32f4xx_it.o
                0x080068a8                NMI_Handler
 .text.HardFault_Handler
                0x080068b0        0x8 ./Core/Src/stm32f4xx_it.o
                0x080068b0                HardFault_Handler
 .text.MemManage_Handler
                0x080068b8        0x8 ./Core/Src/stm32f4xx_it.o
                0x080068b8                MemManage_Handler
 .text.BusFault_Handler
                0x080068c0        0x8 ./Core/Src/stm32f4xx_it.o
                0x080068c0                BusFault_Handler
 .text.UsageFault_Handler
                0x080068c8        0x8 ./Core/Src/stm32f4xx_it.o
                0x080068c8                UsageFault_Handler
 .text.DebugMon_Handler
                0x080068d0        0xe ./Core/Src/stm32f4xx_it.o
                0x080068d0                DebugMon_Handler
 *fill*         0x080068de        0x2 
 .text.TIM1_UP_TIM10_IRQHandler
                0x080068e0       0x14 ./Core/Src/stm32f4xx_it.o
                0x080068e0                TIM1_UP_TIM10_IRQHandler
 .text.USART2_IRQHandler
                0x080068f4       0x14 ./Core/Src/stm32f4xx_it.o
                0x080068f4                USART2_IRQHandler
 .text.TIM7_IRQHandler
                0x08006908       0x14 ./Core/Src/stm32f4xx_it.o
                0x08006908                TIM7_IRQHandler
 .text._getpid  0x0800691c       0x10 ./Core/Src/syscalls.o
                0x0800691c                _getpid
 .text._kill    0x0800692c       0x20 ./Core/Src/syscalls.o
                0x0800692c                _kill
 .text._exit    0x0800694c       0x16 ./Core/Src/syscalls.o
                0x0800694c                _exit
 .text._read    0x08006962       0x3a ./Core/Src/syscalls.o
                0x08006962                _read
 .text._write   0x0800699c       0x38 ./Core/Src/syscalls.o
                0x0800699c                _write
 .text._close   0x080069d4       0x18 ./Core/Src/syscalls.o
                0x080069d4                _close
 .text._fstat   0x080069ec       0x20 ./Core/Src/syscalls.o
                0x080069ec                _fstat
 .text._isatty  0x08006a0c       0x16 ./Core/Src/syscalls.o
                0x08006a0c                _isatty
 .text._lseek   0x08006a22       0x1a ./Core/Src/syscalls.o
                0x08006a22                _lseek
 .text._sbrk    0x08006a3c       0x6c ./Core/Src/sysmem.o
                0x08006a3c                _sbrk
 .text.SystemInit
                0x08006aa8       0x24 ./Core/Src/system_stm32f4xx.o
                0x08006aa8                SystemInit
 .text.Reset_Handler
                0x08006acc       0x50 ./Core/Startup/startup_stm32f446retx.o
                0x08006acc                Reset_Handler
 .text.Default_Handler
                0x08006b1c        0x2 ./Core/Startup/startup_stm32f446retx.o
                0x08006b1c                RTC_Alarm_IRQHandler
                0x08006b1c                EXTI2_IRQHandler
                0x08006b1c                TIM8_CC_IRQHandler
                0x08006b1c                FMPI2C1_EV_IRQHandler
                0x08006b1c                SPI4_IRQHandler
                0x08006b1c                TIM1_CC_IRQHandler
                0x08006b1c                DMA2_Stream5_IRQHandler
                0x08006b1c                DMA1_Stream5_IRQHandler
                0x08006b1c                PVD_IRQHandler
                0x08006b1c                SDIO_IRQHandler
                0x08006b1c                TAMP_STAMP_IRQHandler
                0x08006b1c                CAN2_RX1_IRQHandler
                0x08006b1c                EXTI3_IRQHandler
                0x08006b1c                TIM8_TRG_COM_TIM14_IRQHandler
                0x08006b1c                TIM8_UP_TIM13_IRQHandler
                0x08006b1c                I2C3_ER_IRQHandler
                0x08006b1c                EXTI0_IRQHandler
                0x08006b1c                I2C2_EV_IRQHandler
                0x08006b1c                DMA1_Stream2_IRQHandler
                0x08006b1c                CAN1_RX0_IRQHandler
                0x08006b1c                FPU_IRQHandler
                0x08006b1c                OTG_HS_WKUP_IRQHandler
                0x08006b1c                CAN2_SCE_IRQHandler
                0x08006b1c                DMA2_Stream2_IRQHandler
                0x08006b1c                SPI1_IRQHandler
                0x08006b1c                TIM6_DAC_IRQHandler
                0x08006b1c                TIM1_BRK_TIM9_IRQHandler
                0x08006b1c                DCMI_IRQHandler
                0x08006b1c                CAN2_RX0_IRQHandler
                0x08006b1c                DMA2_Stream3_IRQHandler
                0x08006b1c                SAI2_IRQHandler
                0x08006b1c                USART6_IRQHandler
                0x08006b1c                USART3_IRQHandler
                0x08006b1c                CAN1_RX1_IRQHandler
                0x08006b1c                UART5_IRQHandler
                0x08006b1c                DMA2_Stream0_IRQHandler
                0x08006b1c                TIM4_IRQHandler
                0x08006b1c                QUADSPI_IRQHandler
                0x08006b1c                I2C1_EV_IRQHandler
                0x08006b1c                DMA1_Stream6_IRQHandler
                0x08006b1c                DMA1_Stream1_IRQHandler
                0x08006b1c                UART4_IRQHandler
                0x08006b1c                TIM3_IRQHandler
                0x08006b1c                RCC_IRQHandler
                0x08006b1c                TIM8_BRK_TIM12_IRQHandler
                0x08006b1c                Default_Handler
                0x08006b1c                CEC_IRQHandler
                0x08006b1c                EXTI15_10_IRQHandler
                0x08006b1c                ADC_IRQHandler
                0x08006b1c                DMA1_Stream7_IRQHandler
                0x08006b1c                CAN2_TX_IRQHandler
                0x08006b1c                TIM5_IRQHandler
                0x08006b1c                DMA2_Stream7_IRQHandler
                0x08006b1c                I2C3_EV_IRQHandler
                0x08006b1c                EXTI9_5_IRQHandler
                0x08006b1c                RTC_WKUP_IRQHandler
                0x08006b1c                SPDIF_RX_IRQHandler
                0x08006b1c                SPI2_IRQHandler
                0x08006b1c                OTG_HS_EP1_IN_IRQHandler
                0x08006b1c                DMA1_Stream0_IRQHandler
                0x08006b1c                CAN1_TX_IRQHandler
                0x08006b1c                FMPI2C1_ER_IRQHandler
                0x08006b1c                EXTI4_IRQHandler
                0x08006b1c                OTG_HS_EP1_OUT_IRQHandler
                0x08006b1c                WWDG_IRQHandler
                0x08006b1c                TIM2_IRQHandler
                0x08006b1c                OTG_FS_WKUP_IRQHandler
                0x08006b1c                TIM1_TRG_COM_TIM11_IRQHandler
                0x08006b1c                OTG_HS_IRQHandler
                0x08006b1c                EXTI1_IRQHandler
                0x08006b1c                I2C2_ER_IRQHandler
                0x08006b1c                DMA2_Stream1_IRQHandler
                0x08006b1c                CAN1_SCE_IRQHandler
                0x08006b1c                FLASH_IRQHandler
                0x08006b1c                DMA2_Stream4_IRQHandler
                0x08006b1c                USART1_IRQHandler
                0x08006b1c                OTG_FS_IRQHandler
                0x08006b1c                SPI3_IRQHandler
                0x08006b1c                DMA1_Stream4_IRQHandler
                0x08006b1c                I2C1_ER_IRQHandler
                0x08006b1c                FMC_IRQHandler
                0x08006b1c                DMA2_Stream6_IRQHandler
                0x08006b1c                SAI1_IRQHandler
                0x08006b1c                DMA1_Stream3_IRQHandler
 *fill*         0x08006b1e        0x2 
 .text.HAL_Init
                0x08006b20       0x44 ./Drivers/STM32F4xx_HAL_Driver/Src/stm32f4xx_hal.o
                0x08006b20                HAL_Init
 .text.HAL_IncTick
                0x08006b64       0x28 ./Drivers/STM32F4xx_HAL_Driver/Src/stm32f4xx_hal.o
                0x08006b64                HAL_IncTick
 .text.HAL_GetTick
                0x08006b8c       0x18 ./Drivers/STM32F4xx_HAL_Driver/Src/stm32f4xx_hal.o
                0x08006b8c                HAL_GetTick
 .text.HAL_Delay
                0x08006ba4       0x48 ./Drivers/STM32F4xx_HAL_Driver/Src/stm32f4xx_hal.o
                0x08006ba4                HAL_Delay
 .text.HAL_ADC_Init
                0x08006bec       0x86 ./Drivers/STM32F4xx_HAL_Driver/Src/stm32f4xx_hal_adc.o
                0x08006bec                HAL_ADC_Init
 *fill*         0x08006c72        0x2 
 .text.HAL_ADC_Start
                0x08006c74      0x1a4 ./Drivers/STM32F4xx_HAL_Driver/Src/stm32f4xx_hal_adc.o
                0x08006c74                HAL_ADC_Start
 .text.HAL_ADC_Stop
                0x08006e18       0x66 ./Drivers/STM32F4xx_HAL_Driver/Src/stm32f4xx_hal_adc.o
                0x08006e18                HAL_ADC_Stop
 .text.HAL_ADC_PollForConversion
                0x08006e7e      0x116 ./Drivers/STM32F4xx_HAL_Driver/Src/stm32f4xx_hal_adc.o
                0x08006e7e                HAL_ADC_PollForConversion
 .text.HAL_ADC_GetValue
                0x08006f94       0x1a ./Drivers/STM32F4xx_HAL_Driver/Src/stm32f4xx_hal_adc.o
                0x08006f94                HAL_ADC_GetValue
 *fill*         0x08006fae        0x2 
 .text.HAL_ADC_ConfigChannel
                0x08006fb0      0x264 ./Drivers/STM32F4xx_HAL_Driver/Src/stm32f4xx_hal_adc.o
                0x08006fb0                HAL_ADC_ConfigChannel
 .text.ADC_Init
                0x08007214      0x1f8 ./Drivers/STM32F4xx_HAL_Driver/Src/stm32f4xx_hal_adc.o
 .text.__NVIC_SetPriorityGrouping
                0x0800740c       0x48 ./Drivers/STM32F4xx_HAL_Driver/Src/stm32f4xx_hal_cortex.o
 .text.__NVIC_GetPriorityGrouping
                0x08007454       0x1c ./Drivers/STM32F4xx_HAL_Driver/Src/stm32f4xx_hal_cortex.o
 .text.__NVIC_EnableIRQ
                0x08007470       0x3c ./Drivers/STM32F4xx_HAL_Driver/Src/stm32f4xx_hal_cortex.o
 .text.__NVIC_SetPriority
                0x080074ac       0x54 ./Drivers/STM32F4xx_HAL_Driver/Src/stm32f4xx_hal_cortex.o
 .text.NVIC_EncodePriority
                0x08007500       0x66 ./Drivers/STM32F4xx_HAL_Driver/Src/stm32f4xx_hal_cortex.o
 .text.HAL_NVIC_SetPriorityGrouping
                0x08007566       0x16 ./Drivers/STM32F4xx_HAL_Driver/Src/stm32f4xx_hal_cortex.o
                0x08007566                HAL_NVIC_SetPriorityGrouping
 .text.HAL_NVIC_SetPriority
                0x0800757c       0x38 ./Drivers/STM32F4xx_HAL_Driver/Src/stm32f4xx_hal_cortex.o
                0x0800757c                HAL_NVIC_SetPriority
 .text.HAL_NVIC_EnableIRQ
                0x080075b4       0x1c ./Drivers/STM32F4xx_HAL_Driver/Src/stm32f4xx_hal_cortex.o
                0x080075b4                HAL_NVIC_EnableIRQ
 .text.HAL_DMA_Abort
                0x080075d0       0xe0 ./Drivers/STM32F4xx_HAL_Driver/Src/stm32f4xx_hal_dma.o
                0x080075d0                HAL_DMA_Abort
 .text.HAL_DMA_Abort_IT
                0x080076b0       0x44 ./Drivers/STM32F4xx_HAL_Driver/Src/stm32f4xx_hal_dma.o
                0x080076b0                HAL_DMA_Abort_IT
 .text.HAL_GPIO_Init
                0x080076f4      0x328 ./Drivers/STM32F4xx_HAL_Driver/Src/stm32f4xx_hal_gpio.o
                0x080076f4                HAL_GPIO_Init
 .text.HAL_GPIO_WritePin
                0x08007a1c       0x32 ./Drivers/STM32F4xx_HAL_Driver/Src/stm32f4xx_hal_gpio.o
                0x08007a1c                HAL_GPIO_WritePin
 *fill*         0x08007a4e        0x2 
 .text.HAL_I2C_Init
                0x08007a50      0x288 ./Drivers/STM32F4xx_HAL_Driver/Src/stm32f4xx_hal_i2c.o
                0x08007a50                HAL_I2C_Init
 .text.HAL_I2C_Mem_Write
                0x08007cd8      0x1f4 ./Drivers/STM32F4xx_HAL_Driver/Src/stm32f4xx_hal_i2c.o
                0x08007cd8                HAL_I2C_Mem_Write
 .text.HAL_I2C_Mem_Read
                0x08007ecc      0x464 ./Drivers/STM32F4xx_HAL_Driver/Src/stm32f4xx_hal_i2c.o
                0x08007ecc                HAL_I2C_Mem_Read
 .text.I2C_RequestMemoryWrite
                0x08008330      0x12c ./Drivers/STM32F4xx_HAL_Driver/Src/stm32f4xx_hal_i2c.o
 .text.I2C_RequestMemoryRead
                0x0800845c      0x1d0 ./Drivers/STM32F4xx_HAL_Driver/Src/stm32f4xx_hal_i2c.o
 .text.I2C_WaitOnFlagUntilTimeout
                0x0800862c       0xf4 ./Drivers/STM32F4xx_HAL_Driver/Src/stm32f4xx_hal_i2c.o
 .text.I2C_WaitOnMasterAddressFlagUntilTimeout
                0x08008720      0x140 ./Drivers/STM32F4xx_HAL_Driver/Src/stm32f4xx_hal_i2c.o
 .text.I2C_WaitOnTXEFlagUntilTimeout
                0x08008860       0x90 ./Drivers/STM32F4xx_HAL_Driver/Src/stm32f4xx_hal_i2c.o
 .text.I2C_WaitOnBTFFlagUntilTimeout
                0x080088f0       0x90 ./Drivers/STM32F4xx_HAL_Driver/Src/stm32f4xx_hal_i2c.o
 .text.I2C_WaitOnRXNEFlagUntilTimeout
                0x08008980       0xba ./Drivers/STM32F4xx_HAL_Driver/Src/stm32f4xx_hal_i2c.o
 .text.I2C_IsAcknowledgeFailed
                0x08008a3a       0x5e ./Drivers/STM32F4xx_HAL_Driver/Src/stm32f4xx_hal_i2c.o
 .text.HAL_PWREx_EnableOverDrive
                0x08008a98       0xa0 ./Drivers/STM32F4xx_HAL_Driver/Src/stm32f4xx_hal_pwr_ex.o
                0x08008a98                HAL_PWREx_EnableOverDrive
 .text.HAL_RCC_ClockConfig
                0x08008b38      0x1cc ./Drivers/STM32F4xx_HAL_Driver/Src/stm32f4xx_hal_rcc.o
                0x08008b38                HAL_RCC_ClockConfig
 .text.HAL_RCC_GetHCLKFreq
                0x08008d04       0x18 ./Drivers/STM32F4xx_HAL_Driver/Src/stm32f4xx_hal_rcc.o
                0x08008d04                HAL_RCC_GetHCLKFreq
 .text.HAL_RCC_GetPCLK1Freq
                0x08008d1c       0x28 ./Drivers/STM32F4xx_HAL_Driver/Src/stm32f4xx_hal_rcc.o
                0x08008d1c                HAL_RCC_GetPCLK1Freq
 .text.HAL_RCC_GetPCLK2Freq
                0x08008d44       0x28 ./Drivers/STM32F4xx_HAL_Driver/Src/stm32f4xx_hal_rcc.o
                0x08008d44                HAL_RCC_GetPCLK2Freq
 .text.HAL_RCC_GetClockConfig
                0x08008d6c       0x64 ./Drivers/STM32F4xx_HAL_Driver/Src/stm32f4xx_hal_rcc.o
                0x08008d6c                HAL_RCC_GetClockConfig
 .text.HAL_RCC_GetSysClockFreq
                0x08008dd0      0x354 ./Drivers/STM32F4xx_HAL_Driver/Src/stm32f4xx_hal_rcc_ex.o
                0x08008dd0                HAL_RCC_GetSysClockFreq
 .text.HAL_RCC_OscConfig
                0x08009124      0x53c ./Drivers/STM32F4xx_HAL_Driver/Src/stm32f4xx_hal_rcc_ex.o
                0x08009124                HAL_RCC_OscConfig
 .text.HAL_SPI_Init
                0x08009660      0x112 ./Drivers/STM32F4xx_HAL_Driver/Src/stm32f4xx_hal_spi.o
                0x08009660                HAL_SPI_Init
 .text.HAL_TIM_Base_Init
                0x08009772       0x9e ./Drivers/STM32F4xx_HAL_Driver/Src/stm32f4xx_hal_tim.o
                0x08009772                HAL_TIM_Base_Init
 .text.HAL_TIM_Base_Start_IT
                0x08009810       0xe0 ./Drivers/STM32F4xx_HAL_Driver/Src/stm32f4xx_hal_tim.o
                0x08009810                HAL_TIM_Base_Start_IT
 .text.HAL_TIM_PWM_Init
                0x080098f0       0x9e ./Drivers/STM32F4xx_HAL_Driver/Src/stm32f4xx_hal_tim.o
                0x080098f0                HAL_TIM_PWM_Init
 .text.HAL_TIM_PWM_MspInit
                0x0800998e       0x14 ./Drivers/STM32F4xx_HAL_Driver/Src/stm32f4xx_hal_tim.o
                0x0800998e                HAL_TIM_PWM_MspInit
 *fill*         0x080099a2        0x2 
 .text.HAL_TIM_PWM_Start
                0x080099a4      0x190 ./Drivers/STM32F4xx_HAL_Driver/Src/stm32f4xx_hal_tim.o
                0x080099a4                HAL_TIM_PWM_Start
 .text.HAL_TIM_IRQHandler
                0x08009b34      0x1e0 ./Drivers/STM32F4xx_HAL_Driver/Src/stm32f4xx_hal_tim.o
                0x08009b34                HAL_TIM_IRQHandler
 .text.HAL_TIM_PWM_ConfigChannel
                0x08009d14      0x184 ./Drivers/STM32F4xx_HAL_Driver/Src/stm32f4xx_hal_tim.o
                0x08009d14                HAL_TIM_PWM_ConfigChannel
 .text.HAL_TIM_ConfigClockSource
                0x08009e98      0x18e ./Drivers/STM32F4xx_HAL_Driver/Src/stm32f4xx_hal_tim.o
                0x08009e98                HAL_TIM_ConfigClockSource
 .text.HAL_TIM_OC_DelayElapsedCallback
                0x0800a026       0x14 ./Drivers/STM32F4xx_HAL_Driver/Src/stm32f4xx_hal_tim.o
                0x0800a026                HAL_TIM_OC_DelayElapsedCallback
 .text.HAL_TIM_IC_CaptureCallback
                0x0800a03a       0x14 ./Drivers/STM32F4xx_HAL_Driver/Src/stm32f4xx_hal_tim.o
                0x0800a03a                HAL_TIM_IC_CaptureCallback
 .text.HAL_TIM_PWM_PulseFinishedCallback
                0x0800a04e       0x14 ./Drivers/STM32F4xx_HAL_Driver/Src/stm32f4xx_hal_tim.o
                0x0800a04e                HAL_TIM_PWM_PulseFinishedCallback
 .text.HAL_TIM_TriggerCallback
                0x0800a062       0x14 ./Drivers/STM32F4xx_HAL_Driver/Src/stm32f4xx_hal_tim.o
                0x0800a062                HAL_TIM_TriggerCallback
 *fill*         0x0800a076        0x2 
 .text.TIM_Base_SetConfig
                0x0800a078      0x14c ./Drivers/STM32F4xx_HAL_Driver/Src/stm32f4xx_hal_tim.o
                0x0800a078                TIM_Base_SetConfig
 .text.TIM_OC1_SetConfig
                0x0800a1c4       0xe0 ./Drivers/STM32F4xx_HAL_Driver/Src/stm32f4xx_hal_tim.o
 .text.TIM_OC2_SetConfig
                0x0800a2a4       0xec ./Drivers/STM32F4xx_HAL_Driver/Src/stm32f4xx_hal_tim.o
                0x0800a2a4                TIM_OC2_SetConfig
 .text.TIM_OC3_SetConfig
                0x0800a390       0xe8 ./Drivers/STM32F4xx_HAL_Driver/Src/stm32f4xx_hal_tim.o
 .text.TIM_OC4_SetConfig
                0x0800a478       0xac ./Drivers/STM32F4xx_HAL_Driver/Src/stm32f4xx_hal_tim.o
 .text.TIM_TI1_ConfigInputStage
                0x0800a524       0x5e ./Drivers/STM32F4xx_HAL_Driver/Src/stm32f4xx_hal_tim.o
 .text.TIM_TI2_ConfigInputStage
                0x0800a582       0x60 ./Drivers/STM32F4xx_HAL_Driver/Src/stm32f4xx_hal_tim.o
 .text.TIM_ITRx_SetConfig
                0x0800a5e2       0x36 ./Drivers/STM32F4xx_HAL_Driver/Src/stm32f4xx_hal_tim.o
 .text.TIM_ETR_SetConfig
                0x0800a618       0x40 ./Drivers/STM32F4xx_HAL_Driver/Src/stm32f4xx_hal_tim.o
                0x0800a618                TIM_ETR_SetConfig
 .text.TIM_CCxChannelCmd
                0x0800a658       0x4a ./Drivers/STM32F4xx_HAL_Driver/Src/stm32f4xx_hal_tim.o
                0x0800a658                TIM_CCxChannelCmd
 *fill*         0x0800a6a2        0x2 
 .text.HAL_TIMEx_MasterConfigSynchronization
                0x0800a6a4       0xf8 ./Drivers/STM32F4xx_HAL_Driver/Src/stm32f4xx_hal_tim_ex.o
                0x0800a6a4                HAL_TIMEx_MasterConfigSynchronization
 .text.HAL_TIMEx_CommutCallback
                0x0800a79c       0x14 ./Drivers/STM32F4xx_HAL_Driver/Src/stm32f4xx_hal_tim_ex.o
                0x0800a79c                HAL_TIMEx_CommutCallback
 .text.HAL_TIMEx_BreakCallback
                0x0800a7b0       0x14 ./Drivers/STM32F4xx_HAL_Driver/Src/stm32f4xx_hal_tim_ex.o
                0x0800a7b0                HAL_TIMEx_BreakCallback
 .text.HAL_UART_Init
                0x0800a7c4       0xa0 ./Drivers/STM32F4xx_HAL_Driver/Src/stm32f4xx_hal_uart.o
                0x0800a7c4                HAL_UART_Init
 .text.HAL_UART_Transmit
                0x0800a864      0x116 ./Drivers/STM32F4xx_HAL_Driver/Src/stm32f4xx_hal_uart.o
                0x0800a864                HAL_UART_Transmit
 .text.HAL_UART_Receive
                0x0800a97a      0x12e ./Drivers/STM32F4xx_HAL_Driver/Src/stm32f4xx_hal_uart.o
                0x0800a97a                HAL_UART_Receive
 .text.HAL_UART_Receive_IT
                0x0800aaa8       0x4a ./Drivers/STM32F4xx_HAL_Driver/Src/stm32f4xx_hal_uart.o
                0x0800aaa8                HAL_UART_Receive_IT
 *fill*         0x0800aaf2        0x2 
 .text.HAL_UART_IRQHandler
                0x0800aaf4      0x554 ./Drivers/STM32F4xx_HAL_Driver/Src/stm32f4xx_hal_uart.o
                0x0800aaf4                HAL_UART_IRQHandler
 .text.HAL_UART_TxCpltCallback
                0x0800b048       0x14 ./Drivers/STM32F4xx_HAL_Driver/Src/stm32f4xx_hal_uart.o
                0x0800b048                HAL_UART_TxCpltCallback
 .text.HAL_UART_ErrorCallback
                0x0800b05c       0x14 ./Drivers/STM32F4xx_HAL_Driver/Src/stm32f4xx_hal_uart.o
                0x0800b05c                HAL_UART_ErrorCallback
 .text.HAL_UARTEx_RxEventCallback
                0x0800b070       0x18 ./Drivers/STM32F4xx_HAL_Driver/Src/stm32f4xx_hal_uart.o
                0x0800b070                HAL_UARTEx_RxEventCallback
 .text.UART_WaitOnFlagUntilTimeout
                0x0800b088       0xb2 ./Drivers/STM32F4xx_HAL_Driver/Src/stm32f4xx_hal_uart.o
 .text.UART_Start_Receive_IT
                0x0800b13a       0x74 ./Drivers/STM32F4xx_HAL_Driver/Src/stm32f4xx_hal_uart.o
                0x0800b13a                UART_Start_Receive_IT
 .text.UART_EndRxTransfer
                0x0800b1ae       0xc6 ./Drivers/STM32F4xx_HAL_Driver/Src/stm32f4xx_hal_uart.o
 .text.UART_DMAAbortOnError
                0x0800b274       0x22 ./Drivers/STM32F4xx_HAL_Driver/Src/stm32f4xx_hal_uart.o
 .text.UART_Transmit_IT
                0x0800b296       0xa0 ./Drivers/STM32F4xx_HAL_Driver/Src/stm32f4xx_hal_uart.o
 .text.UART_EndTransmit_IT
                0x0800b336       0x30 ./Drivers/STM32F4xx_HAL_Driver/Src/stm32f4xx_hal_uart.o
 .text.UART_Receive_IT
                0x0800b366      0x17c ./Drivers/STM32F4xx_HAL_Driver/Src/stm32f4xx_hal_uart.o
 *fill*         0x0800b4e2        0x2 
 .text.UART_SetConfig
                0x0800b4e4      0x4e8 ./Drivers/STM32F4xx_HAL_Driver/Src/stm32f4xx_hal_uart.o
 .text.__NVIC_SetPriority
                0x0800b9cc       0x54 ./Middlewares/Third_Party/FreeRTOS/Source/CMSIS_RTOS_V2/cmsis_os2.o
 .text.SysTick_Handler
                0x0800ba20       0x20 ./Middlewares/Third_Party/FreeRTOS/Source/CMSIS_RTOS_V2/cmsis_os2.o
                0x0800ba20                SysTick_Handler
 .text.SVC_Setup
                0x0800ba40       0x12 ./Middlewares/Third_Party/FreeRTOS/Source/CMSIS_RTOS_V2/cmsis_os2.o
 *fill*         0x0800ba52        0x2 
 .text.osKernelInitialize
                0x0800ba54       0x48 ./Middlewares/Third_Party/FreeRTOS/Source/CMSIS_RTOS_V2/cmsis_os2.o
                0x0800ba54                osKernelInitialize
 .text.osKernelStart
                0x0800ba9c       0x4c ./Middlewares/Third_Party/FreeRTOS/Source/CMSIS_RTOS_V2/cmsis_os2.o
                0x0800ba9c                osKernelStart
 .text.osThreadNew
                0x0800bae8      0x124 ./Middlewares/Third_Party/FreeRTOS/Source/CMSIS_RTOS_V2/cmsis_os2.o
                0x0800bae8                osThreadNew
 .text.osThreadYield
                0x0800bc0c       0x40 ./Middlewares/Third_Party/FreeRTOS/Source/CMSIS_RTOS_V2/cmsis_os2.o
                0x0800bc0c                osThreadYield
 .text.osThreadExit
                0x0800bc4c        0xe ./Middlewares/Third_Party/FreeRTOS/Source/CMSIS_RTOS_V2/cmsis_os2.o
                0x0800bc4c                osThreadExit
 .text.osDelay  0x0800bc5a       0x36 ./Middlewares/Third_Party/FreeRTOS/Source/CMSIS_RTOS_V2/cmsis_os2.o
                0x0800bc5a                osDelay
 .text.TimerCallback
                0x0800bc90       0x2a ./Middlewares/Third_Party/FreeRTOS/Source/CMSIS_RTOS_V2/cmsis_os2.o
 *fill*         0x0800bcba        0x2 
 .text.osTimerNew
                0x0800bcbc       0xf8 ./Middlewares/Third_Party/FreeRTOS/Source/CMSIS_RTOS_V2/cmsis_os2.o
                0x0800bcbc                osTimerNew
 .text.osTimerStart
                0x0800bdb4       0x5c ./Middlewares/Third_Party/FreeRTOS/Source/CMSIS_RTOS_V2/cmsis_os2.o
                0x0800bdb4                osTimerStart
 .text.osEventFlagsNew
                0x0800be10       0x7e ./Middlewares/Third_Party/FreeRTOS/Source/CMSIS_RTOS_V2/cmsis_os2.o
                0x0800be10                osEventFlagsNew
 *fill*         0x0800be8e        0x2 
 .text.osEventFlagsSet
                0x0800be90       0x84 ./Middlewares/Third_Party/FreeRTOS/Source/CMSIS_RTOS_V2/cmsis_os2.o
                0x0800be90                osEventFlagsSet
 .text.osEventFlagsClear
                0x0800bf14       0x62 ./Middlewares/Third_Party/FreeRTOS/Source/CMSIS_RTOS_V2/cmsis_os2.o
                0x0800bf14                osEventFlagsClear
 .text.osEventFlagsWait
                0x0800bf76       0xca ./Middlewares/Third_Party/FreeRTOS/Source/CMSIS_RTOS_V2/cmsis_os2.o
                0x0800bf76                osEventFlagsWait
 .text.osMutexNew
                0x0800c040      0x10c ./Middlewares/Third_Party/FreeRTOS/Source/CMSIS_RTOS_V2/cmsis_os2.o
                0x0800c040                osMutexNew
 .text.osMutexAcquire
                0x0800c14c       0x96 ./Middlewares/Third_Party/FreeRTOS/Source/CMSIS_RTOS_V2/cmsis_os2.o
                0x0800c14c                osMutexAcquire
 .text.osMutexRelease
                0x0800c1e2       0x7a ./Middlewares/Third_Party/FreeRTOS/Source/CMSIS_RTOS_V2/cmsis_os2.o
                0x0800c1e2                osMutexRelease
 .text.osMessageQueueNew
                0x0800c25c       0xe6 ./Middlewares/Third_Party/FreeRTOS/Source/CMSIS_RTOS_V2/cmsis_os2.o
                0x0800c25c                osMessageQueueNew
 *fill*         0x0800c342        0x2 
 .text.osMessageQueuePut
                0x0800c344       0xc0 ./Middlewares/Third_Party/FreeRTOS/Source/CMSIS_RTOS_V2/cmsis_os2.o
                0x0800c344                osMessageQueuePut
 .text.osMessageQueueGet
                0x0800c404       0xbc ./Middlewares/Third_Party/FreeRTOS/Source/CMSIS_RTOS_V2/cmsis_os2.o
                0x0800c404                osMessageQueueGet
 .text.vApplicationGetIdleTaskMemory
                0x0800c4c0       0x34 ./Middlewares/Third_Party/FreeRTOS/Source/CMSIS_RTOS_V2/cmsis_os2.o
                0x0800c4c0                vApplicationGetIdleTaskMemory
 .text.vApplicationGetTimerTaskMemory
                0x0800c4f4       0x34 ./Middlewares/Third_Party/FreeRTOS/Source/CMSIS_RTOS_V2/cmsis_os2.o
                0x0800c4f4                vApplicationGetTimerTaskMemory
 .text.xEventGroupCreateStatic
                0x0800c528       0x72 ./Middlewares/Third_Party/FreeRTOS/Source/event_groups.o
                0x0800c528                xEventGroupCreateStatic
 .text.xEventGroupCreate
                0x0800c59a       0x34 ./Middlewares/Third_Party/FreeRTOS/Source/event_groups.o
                0x0800c59a                xEventGroupCreate
 *fill*         0x0800c5ce        0x2 
 .text.xEventGroupWaitBits
                0x0800c5d0      0x1a4 ./Middlewares/Third_Party/FreeRTOS/Source/event_groups.o
                0x0800c5d0                xEventGroupWaitBits
 .text.xEventGroupClearBits
                0x0800c774       0x72 ./Middlewares/Third_Party/FreeRTOS/Source/event_groups.o
                0x0800c774                xEventGroupClearBits
 *fill*         0x0800c7e6        0x2 
 .text.xEventGroupClearBitsFromISR
                0x0800c7e8       0x28 ./Middlewares/Third_Party/FreeRTOS/Source/event_groups.o
                0x0800c7e8                xEventGroupClearBitsFromISR
 .text.xEventGroupGetBitsFromISR
                0x0800c810       0x48 ./Middlewares/Third_Party/FreeRTOS/Source/event_groups.o
                0x0800c810                xEventGroupGetBitsFromISR
 .text.xEventGroupSetBits
                0x0800c858      0x118 ./Middlewares/Third_Party/FreeRTOS/Source/event_groups.o
                0x0800c858                xEventGroupSetBits
 .text.vEventGroupSetBitsCallback
                0x0800c970       0x1a ./Middlewares/Third_Party/FreeRTOS/Source/event_groups.o
                0x0800c970                vEventGroupSetBitsCallback
 .text.vEventGroupClearBitsCallback
                0x0800c98a       0x1a ./Middlewares/Third_Party/FreeRTOS/Source/event_groups.o
                0x0800c98a                vEventGroupClearBitsCallback
 .text.prvTestWaitCondition
                0x0800c9a4       0x44 ./Middlewares/Third_Party/FreeRTOS/Source/event_groups.o
 .text.xEventGroupSetBitsFromISR
                0x0800c9e8       0x28 ./Middlewares/Third_Party/FreeRTOS/Source/event_groups.o
                0x0800c9e8                xEventGroupSetBitsFromISR
 .text.vListInitialise
                0x0800ca10       0x40 ./Middlewares/Third_Party/FreeRTOS/Source/list.o
                0x0800ca10                vListInitialise
 .text.vListInitialiseItem
                0x0800ca50       0x1a ./Middlewares/Third_Party/FreeRTOS/Source/list.o
                0x0800ca50                vListInitialiseItem
 .text.vListInsertEnd
                0x0800ca6a       0x48 ./Middlewares/Third_Party/FreeRTOS/Source/list.o
                0x0800ca6a                vListInsertEnd
 .text.vListInsert
                0x0800cab2       0x72 ./Middlewares/Third_Party/FreeRTOS/Source/list.o
                0x0800cab2                vListInsert
 .text.uxListRemove
                0x0800cb24       0x54 ./Middlewares/Third_Party/FreeRTOS/Source/list.o
                0x0800cb24                uxListRemove
 .text.xQueueGenericReset
                0x0800cb78       0xd4 ./Middlewares/Third_Party/FreeRTOS/Source/queue.o
                0x0800cb78                xQueueGenericReset
 .text.xQueueGenericCreateStatic
                0x0800cc4c       0xfa ./Middlewares/Third_Party/FreeRTOS/Source/queue.o
                0x0800cc4c                xQueueGenericCreateStatic
 .text.xQueueGenericCreate
                0x0800cd46       0x76 ./Middlewares/Third_Party/FreeRTOS/Source/queue.o
                0x0800cd46                xQueueGenericCreate
 .text.prvInitialiseNewQueue
                0x0800cdbc       0x46 ./Middlewares/Third_Party/FreeRTOS/Source/queue.o
 .text.prvInitialiseMutex
                0x0800ce02       0x34 ./Middlewares/Third_Party/FreeRTOS/Source/queue.o
 .text.xQueueCreateMutex
                0x0800ce36       0x30 ./Middlewares/Third_Party/FreeRTOS/Source/queue.o
                0x0800ce36                xQueueCreateMutex
 .text.xQueueCreateMutexStatic
                0x0800ce66       0x36 ./Middlewares/Third_Party/FreeRTOS/Source/queue.o
                0x0800ce66                xQueueCreateMutexStatic
 .text.xQueueGiveMutexRecursive
                0x0800ce9c       0x6a ./Middlewares/Third_Party/FreeRTOS/Source/queue.o
                0x0800ce9c                xQueueGiveMutexRecursive
 .text.xQueueTakeMutexRecursive
                0x0800cf06       0x6e ./Middlewares/Third_Party/FreeRTOS/Source/queue.o
                0x0800cf06                xQueueTakeMutexRecursive
 .text.xQueueGenericSend
                0x0800cf74      0x204 ./Middlewares/Third_Party/FreeRTOS/Source/queue.o
                0x0800cf74                xQueueGenericSend
 .text.xQueueGenericSendFromISR
                0x0800d178      0x13c ./Middlewares/Third_Party/FreeRTOS/Source/queue.o
                0x0800d178                xQueueGenericSendFromISR
 .text.xQueueReceive
                0x0800d2b4      0x1c4 ./Middlewares/Third_Party/FreeRTOS/Source/queue.o
                0x0800d2b4                xQueueReceive
 .text.xQueueSemaphoreTake
                0x0800d478      0x220 ./Middlewares/Third_Party/FreeRTOS/Source/queue.o
                0x0800d478                xQueueSemaphoreTake
 .text.xQueueReceiveFromISR
                0x0800d698      0x104 ./Middlewares/Third_Party/FreeRTOS/Source/queue.o
                0x0800d698                xQueueReceiveFromISR
 .text.prvGetDisinheritPriorityAfterTimeout
                0x0800d79c       0x30 ./Middlewares/Third_Party/FreeRTOS/Source/queue.o
 .text.prvCopyDataToQueue
                0x0800d7cc       0xd4 ./Middlewares/Third_Party/FreeRTOS/Source/queue.o
 .text.prvCopyDataFromQueue
                0x0800d8a0       0x4c ./Middlewares/Third_Party/FreeRTOS/Source/queue.o
 .text.prvUnlockQueue
                0x0800d8ec       0xa4 ./Middlewares/Third_Party/FreeRTOS/Source/queue.o
 .text.prvIsQueueEmpty
                0x0800d990       0x2c ./Middlewares/Third_Party/FreeRTOS/Source/queue.o
 .text.prvIsQueueFull
                0x0800d9bc       0x30 ./Middlewares/Third_Party/FreeRTOS/Source/queue.o
 .text.vQueueAddToRegistry
                0x0800d9ec       0x54 ./Middlewares/Third_Party/FreeRTOS/Source/queue.o
                0x0800d9ec                vQueueAddToRegistry
 .text.vQueueWaitForMessageRestricted
                0x0800da40       0x68 ./Middlewares/Third_Party/FreeRTOS/Source/queue.o
                0x0800da40                vQueueWaitForMessageRestricted
 .text.xTaskCreateStatic
                0x0800daa8       0xc0 ./Middlewares/Third_Party/FreeRTOS/Source/tasks.o
                0x0800daa8                xTaskCreateStatic
 .text.xTaskCreate
                0x0800db68       0x8a ./Middlewares/Third_Party/FreeRTOS/Source/tasks.o
                0x0800db68                xTaskCreate
 .text.prvInitialiseNewTask
                0x0800dbf2      0x120 ./Middlewares/Third_Party/FreeRTOS/Source/tasks.o
 *fill*         0x0800dd12        0x2 
 .text.prvAddNewTaskToReadyList
                0x0800dd14       0xe0 ./Middlewares/Third_Party/FreeRTOS/Source/tasks.o
 .text.vTaskDelete
                0x0800ddf4       0xe8 ./Middlewares/Third_Party/FreeRTOS/Source/tasks.o
                0x0800ddf4                vTaskDelete
 .text.vTaskDelay
                0x0800dedc       0x6c ./Middlewares/Third_Party/FreeRTOS/Source/tasks.o
                0x0800dedc                vTaskDelay
 .text.vTaskStartScheduler
                0x0800df48       0xd0 ./Middlewares/Third_Party/FreeRTOS/Source/tasks.o
                0x0800df48                vTaskStartScheduler
 .text.vTaskSuspendAll
                0x0800e018       0x1c ./Middlewares/Third_Party/FreeRTOS/Source/tasks.o
                0x0800e018                vTaskSuspendAll
 .text.xTaskResumeAll
                0x0800e034      0x13c ./Middlewares/Third_Party/FreeRTOS/Source/tasks.o
                0x0800e034                xTaskResumeAll
 .text.xTaskGetTickCount
                0x0800e170       0x20 ./Middlewares/Third_Party/FreeRTOS/Source/tasks.o
                0x0800e170                xTaskGetTickCount
 .text.xTaskIncrementTick
                0x0800e190      0x174 ./Middlewares/Third_Party/FreeRTOS/Source/tasks.o
                0x0800e190                xTaskIncrementTick
 .text.vTaskSwitchContext
                0x0800e304       0xbc ./Middlewares/Third_Party/FreeRTOS/Source/tasks.o
                0x0800e304                vTaskSwitchContext
 .text.vTaskPlaceOnEventList
                0x0800e3c0       0x4c ./Middlewares/Third_Party/FreeRTOS/Source/tasks.o
                0x0800e3c0                vTaskPlaceOnEventList
 .text.vTaskPlaceOnUnorderedEventList
                0x0800e40c       0x7c ./Middlewares/Third_Party/FreeRTOS/Source/tasks.o
                0x0800e40c                vTaskPlaceOnUnorderedEventList
 .text.vTaskPlaceOnEventListRestricted
                0x0800e488       0x58 ./Middlewares/Third_Party/FreeRTOS/Source/tasks.o
                0x0800e488                vTaskPlaceOnEventListRestricted
 .text.xTaskRemoveFromEventList
                0x0800e4e0       0xc8 ./Middlewares/Third_Party/FreeRTOS/Source/tasks.o
                0x0800e4e0                xTaskRemoveFromEventList
 .text.vTaskRemoveFromUnorderedEventList
                0x0800e5a8       0xc8 ./Middlewares/Third_Party/FreeRTOS/Source/tasks.o
                0x0800e5a8                vTaskRemoveFromUnorderedEventList
 .text.vTaskInternalSetTimeOutState
                0x0800e670       0x2c ./Middlewares/Third_Party/FreeRTOS/Source/tasks.o
                0x0800e670                vTaskInternalSetTimeOutState
 .text.xTaskCheckForTimeOut
                0x0800e69c       0xc8 ./Middlewares/Third_Party/FreeRTOS/Source/tasks.o
                0x0800e69c                xTaskCheckForTimeOut
 .text.vTaskMissedYield
                0x0800e764       0x18 ./Middlewares/Third_Party/FreeRTOS/Source/tasks.o
                0x0800e764                vTaskMissedYield
 .text.prvIdleTask
                0x0800e77c       0x30 ./Middlewares/Third_Party/FreeRTOS/Source/tasks.o
 .text.prvInitialiseTaskLists
                0x0800e7ac       0x80 ./Middlewares/Third_Party/FreeRTOS/Source/tasks.o
 .text.prvCheckTasksWaitingTermination
                0x0800e82c       0x5c ./Middlewares/Third_Party/FreeRTOS/Source/tasks.o
 .text.prvDeleteTCB
                0x0800e888       0x60 ./Middlewares/Third_Party/FreeRTOS/Source/tasks.o
 .text.prvResetNextTaskUnblockTime
                0x0800e8e8       0x40 ./Middlewares/Third_Party/FreeRTOS/Source/tasks.o
 .text.xTaskGetCurrentTaskHandle
                0x0800e928       0x20 ./Middlewares/Third_Party/FreeRTOS/Source/tasks.o
                0x0800e928                xTaskGetCurrentTaskHandle
 .text.xTaskGetSchedulerState
                0x0800e948       0x3c ./Middlewares/Third_Party/FreeRTOS/Source/tasks.o
                0x0800e948                xTaskGetSchedulerState
 .text.xTaskPriorityInherit
                0x0800e984       0xd0 ./Middlewares/Third_Party/FreeRTOS/Source/tasks.o
                0x0800e984                xTaskPriorityInherit
 .text.xTaskPriorityDisinherit
                0x0800ea54       0xe0 ./Middlewares/Third_Party/FreeRTOS/Source/tasks.o
                0x0800ea54                xTaskPriorityDisinherit
 .text.vTaskPriorityDisinheritAfterTimeout
                0x0800eb34      0x108 ./Middlewares/Third_Party/FreeRTOS/Source/tasks.o
                0x0800eb34                vTaskPriorityDisinheritAfterTimeout
 .text.uxTaskResetEventItemValue
                0x0800ec3c       0x30 ./Middlewares/Third_Party/FreeRTOS/Source/tasks.o
                0x0800ec3c                uxTaskResetEventItemValue
 .text.pvTaskIncrementMutexHeldCount
                0x0800ec6c       0x28 ./Middlewares/Third_Party/FreeRTOS/Source/tasks.o
                0x0800ec6c                pvTaskIncrementMutexHeldCount
 .text.prvAddCurrentTaskToDelayedList
                0x0800ec94       0xa8 ./Middlewares/Third_Party/FreeRTOS/Source/tasks.o
 .text.xTimerCreateTimerTask
                0x0800ed3c       0x94 ./Middlewares/Third_Party/FreeRTOS/Source/timers.o
                0x0800ed3c                xTimerCreateTimerTask
 .text.xTimerCreate
                0x0800edd0       0x42 ./Middlewares/Third_Party/FreeRTOS/Source/timers.o
                0x0800edd0                xTimerCreate
 .text.xTimerCreateStatic
                0x0800ee12       0x80 ./Middlewares/Third_Party/FreeRTOS/Source/timers.o
                0x0800ee12                xTimerCreateStatic
 .text.prvInitialiseNewTimer
                0x0800ee92       0x78 ./Middlewares/Third_Party/FreeRTOS/Source/timers.o
 *fill*         0x0800ef0a        0x2 
 .text.xTimerGenericCommand
                0x0800ef0c       0x9c ./Middlewares/Third_Party/FreeRTOS/Source/timers.o
                0x0800ef0c                xTimerGenericCommand
 .text.prvProcessExpiredTimer
                0x0800efa8       0x9c ./Middlewares/Third_Party/FreeRTOS/Source/timers.o
 .text.prvTimerTask
                0x0800f044       0x26 ./Middlewares/Third_Party/FreeRTOS/Source/timers.o
 *fill*         0x0800f06a        0x2 
 .text.prvProcessTimerOrBlockTask
                0x0800f06c       0x9c ./Middlewares/Third_Party/FreeRTOS/Source/timers.o
 .text.prvGetNextExpireTime
                0x0800f108       0x48 ./Middlewares/Third_Party/FreeRTOS/Source/timers.o
 .text.prvSampleTimeNow
                0x0800f150       0x40 ./Middlewares/Third_Party/FreeRTOS/Source/timers.o
 .text.prvInsertTimerInActiveList
                0x0800f190       0x84 ./Middlewares/Third_Party/FreeRTOS/Source/timers.o
 .text.prvProcessReceivedCommands
                0x0800f214      0x1cc ./Middlewares/Third_Party/FreeRTOS/Source/timers.o
 .text.prvSwitchTimerLists
                0x0800f3e0       0xcc ./Middlewares/Third_Party/FreeRTOS/Source/timers.o
 .text.prvCheckForValidListAndQueue
                0x0800f4ac       0x80 ./Middlewares/Third_Party/FreeRTOS/Source/timers.o
 .text.pvTimerGetTimerID
                0x0800f52c       0x42 ./Middlewares/Third_Party/FreeRTOS/Source/timers.o
                0x0800f52c                pvTimerGetTimerID
 *fill*         0x0800f56e        0x2 
 .text.xTimerPendFunctionCallFromISR
                0x0800f570       0x40 ./Middlewares/Third_Party/FreeRTOS/Source/timers.o
                0x0800f570                xTimerPendFunctionCallFromISR
 .text.pxPortInitialiseStack
                0x0800f5b0       0x68 ./Middlewares/Third_Party/FreeRTOS/Source/portable/GCC/ARM_CM4F/port.o
                0x0800f5b0                pxPortInitialiseStack
 .text.prvTaskExitError
                0x0800f618       0x5c ./Middlewares/Third_Party/FreeRTOS/Source/portable/GCC/ARM_CM4F/port.o
 *fill*         0x0800f674        0xc 
 .text.SVC_Handler
                0x0800f680       0x28 ./Middlewares/Third_Party/FreeRTOS/Source/portable/GCC/ARM_CM4F/port.o
                0x0800f680                SVC_Handler
 .text.prvPortStartFirstTask
                0x0800f6a8       0x28 ./Middlewares/Third_Party/FreeRTOS/Source/portable/GCC/ARM_CM4F/port.o
 .text.xPortStartScheduler
                0x0800f6d0      0x148 ./Middlewares/Third_Party/FreeRTOS/Source/portable/GCC/ARM_CM4F/port.o
                0x0800f6d0                xPortStartScheduler
 .text.vPortEnterCritical
                0x0800f818       0x64 ./Middlewares/Third_Party/FreeRTOS/Source/portable/GCC/ARM_CM4F/port.o
                0x0800f818                vPortEnterCritical
 .text.vPortExitCritical
                0x0800f87c       0x54 ./Middlewares/Third_Party/FreeRTOS/Source/portable/GCC/ARM_CM4F/port.o
                0x0800f87c                vPortExitCritical
 .text.PendSV_Handler
                0x0800f8d0       0x68 ./Middlewares/Third_Party/FreeRTOS/Source/portable/GCC/ARM_CM4F/port.o
                0x0800f8d0                PendSV_Handler
 .text.xPortSysTickHandler
                0x0800f938       0x44 ./Middlewares/Third_Party/FreeRTOS/Source/portable/GCC/ARM_CM4F/port.o
                0x0800f938                xPortSysTickHandler
 .text.vPortSetupTimerInterrupt
                0x0800f97c       0x48 ./Middlewares/Third_Party/FreeRTOS/Source/portable/GCC/ARM_CM4F/port.o
                0x0800f97c                vPortSetupTimerInterrupt
 .text.vPortEnableVFP
                0x0800f9c4       0x14 ./Middlewares/Third_Party/FreeRTOS/Source/portable/GCC/ARM_CM4F/port.o
 .text.vPortValidateInterruptPriority
                0x0800f9d8       0x84 ./Middlewares/Third_Party/FreeRTOS/Source/portable/GCC/ARM_CM4F/port.o
                0x0800f9d8                vPortValidateInterruptPriority
 .text.pvPortMalloc
                0x0800fa5c      0x19c ./Middlewares/Third_Party/FreeRTOS/Source/portable/MemMang/heap_4.o
                0x0800fa5c                pvPortMalloc
 .text.vPortFree
                0x0800fbf8       0xc8 ./Middlewares/Third_Party/FreeRTOS/Source/portable/MemMang/heap_4.o
                0x0800fbf8                vPortFree
 .text.prvHeapInit
                0x0800fcc0       0xc4 ./Middlewares/Third_Party/FreeRTOS/Source/portable/MemMang/heap_4.o
 .text.prvInsertBlockIntoFreeList
                0x0800fd84       0xb4 ./Middlewares/Third_Party/FreeRTOS/Source/portable/MemMang/heap_4.o
 .text.sulp     0x0800fe38       0x3c C:/ST/STM32CubeIDE_1.14.0/STM32CubeIDE/plugins/com.st.stm32cube.ide.mcu.externaltools.gnu-tools-for-stm32.13.3.rel1.win32_1.0.0.202411081344/tools/bin/../lib/gcc/arm-none-eabi/13.3.1/../../../../arm-none-eabi/lib/thumb/v7e-m+fp/hard\libc_nano.a(libc_a-strtod.o)
 *fill*         0x0800fe74        0x4 
 .text._strtod_l
                0x0800fe78      0xbc8 C:/ST/STM32CubeIDE_1.14.0/STM32CubeIDE/plugins/com.st.stm32cube.ide.mcu.externaltools.gnu-tools-for-stm32.13.3.rel1.win32_1.0.0.202411081344/tools/bin/../lib/gcc/arm-none-eabi/13.3.1/../../../../arm-none-eabi/lib/thumb/v7e-m+fp/hard\libc_nano.a(libc_a-strtod.o)
                0x0800fe78                _strtod_l
 .text._strtod_r
                0x08010a40        0xc C:/ST/STM32CubeIDE_1.14.0/STM32CubeIDE/plugins/com.st.stm32cube.ide.mcu.externaltools.gnu-tools-for-stm32.13.3.rel1.win32_1.0.0.202411081344/tools/bin/../lib/gcc/arm-none-eabi/13.3.1/../../../../arm-none-eabi/lib/thumb/v7e-m+fp/hard\libc_nano.a(libc_a-strtod.o)
                0x08010a40                _strtod_r
 .text.strtod   0x08010a4c       0x18 C:/ST/STM32CubeIDE_1.14.0/STM32CubeIDE/plugins/com.st.stm32cube.ide.mcu.externaltools.gnu-tools-for-stm32.13.3.rel1.win32_1.0.0.202411081344/tools/bin/../lib/gcc/arm-none-eabi/13.3.1/../../../../arm-none-eabi/lib/thumb/v7e-m+fp/hard\libc_nano.a(libc_a-strtod.o)
                0x08010a4c                strtod
 .text.__cvt    0x08010a64       0xca C:/ST/STM32CubeIDE_1.14.0/STM32CubeIDE/plugins/com.st.stm32cube.ide.mcu.externaltools.gnu-tools-for-stm32.13.3.rel1.win32_1.0.0.202411081344/tools/bin/../lib/gcc/arm-none-eabi/13.3.1/../../../../arm-none-eabi/lib/thumb/v7e-m+fp/hard\libc_nano.a(libc_a-nano-vfprintf_float.o)
                0x08010a64                __cvt
 .text.__exponent
                0x08010b2e       0x74 C:/ST/STM32CubeIDE_1.14.0/STM32CubeIDE/plugins/com.st.stm32cube.ide.mcu.externaltools.gnu-tools-for-stm32.13.3.rel1.win32_1.0.0.202411081344/tools/bin/../lib/gcc/arm-none-eabi/13.3.1/../../../../arm-none-eabi/lib/thumb/v7e-m+fp/hard\libc_nano.a(libc_a-nano-vfprintf_float.o)
                0x08010b2e                __exponent
 *fill*         0x08010ba2        0x2 
 .text._printf_float
                0x08010ba4      0x454 C:/ST/STM32CubeIDE_1.14.0/STM32CubeIDE/plugins/com.st.stm32cube.ide.mcu.externaltools.gnu-tools-for-stm32.13.3.rel1.win32_1.0.0.202411081344/tools/bin/../lib/gcc/arm-none-eabi/13.3.1/../../../../arm-none-eabi/lib/thumb/v7e-m+fp/hard\libc_nano.a(libc_a-nano-vfprintf_float.o)
                0x08010ba4                _printf_float
 .text._printf_common
                0x08010ff8       0xda C:/ST/STM32CubeIDE_1.14.0/STM32CubeIDE/plugins/com.st.stm32cube.ide.mcu.externaltools.gnu-tools-for-stm32.13.3.rel1.win32_1.0.0.202411081344/tools/bin/../lib/gcc/arm-none-eabi/13.3.1/../../../../arm-none-eabi/lib/thumb/v7e-m+fp/hard\libc_nano.a(libc_a-nano-vfprintf_i.o)
                0x08010ff8                _printf_common
 *fill*         0x080110d2        0x2 
 .text._printf_i
                0x080110d4      0x23c C:/ST/STM32CubeIDE_1.14.0/STM32CubeIDE/plugins/com.st.stm32cube.ide.mcu.externaltools.gnu-tools-for-stm32.13.3.rel1.win32_1.0.0.202411081344/tools/bin/../lib/gcc/arm-none-eabi/13.3.1/../../../../arm-none-eabi/lib/thumb/v7e-m+fp/hard\libc_nano.a(libc_a-nano-vfprintf_i.o)
                0x080110d4                _printf_i
 .text._scanf_float
                0x08011310      0x41c C:/ST/STM32CubeIDE_1.14.0/STM32CubeIDE/plugins/com.st.stm32cube.ide.mcu.externaltools.gnu-tools-for-stm32.13.3.rel1.win32_1.0.0.202411081344/tools/bin/../lib/gcc/arm-none-eabi/13.3.1/../../../../arm-none-eabi/lib/thumb/v7e-m+fp/hard\libc_nano.a(libc_a-nano-vfscanf_float.o)
                0x08011310                _scanf_float
 .text.std      0x0801172c       0x6c C:/ST/STM32CubeIDE_1.14.0/STM32CubeIDE/plugins/com.st.stm32cube.ide.mcu.externaltools.gnu-tools-for-stm32.13.3.rel1.win32_1.0.0.202411081344/tools/bin/../lib/gcc/arm-none-eabi/13.3.1/../../../../arm-none-eabi/lib/thumb/v7e-m+fp/hard\libc_nano.a(libc_a-findfp.o)
 .text.stdio_exit_handler
                0x08011798       0x18 C:/ST/STM32CubeIDE_1.14.0/STM32CubeIDE/plugins/com.st.stm32cube.ide.mcu.externaltools.gnu-tools-for-stm32.13.3.rel1.win32_1.0.0.202411081344/tools/bin/../lib/gcc/arm-none-eabi/13.3.1/../../../../arm-none-eabi/lib/thumb/v7e-m+fp/hard\libc_nano.a(libc_a-findfp.o)
 .text.cleanup_stdio
                0x080117b0       0x40 C:/ST/STM32CubeIDE_1.14.0/STM32CubeIDE/plugins/com.st.stm32cube.ide.mcu.externaltools.gnu-tools-for-stm32.13.3.rel1.win32_1.0.0.202411081344/tools/bin/../lib/gcc/arm-none-eabi/13.3.1/../../../../arm-none-eabi/lib/thumb/v7e-m+fp/hard\libc_nano.a(libc_a-findfp.o)
 .text.global_stdio_init.part.0
                0x080117f0       0x3c C:/ST/STM32CubeIDE_1.14.0/STM32CubeIDE/plugins/com.st.stm32cube.ide.mcu.externaltools.gnu-tools-for-stm32.13.3.rel1.win32_1.0.0.202411081344/tools/bin/../lib/gcc/arm-none-eabi/13.3.1/../../../../arm-none-eabi/lib/thumb/v7e-m+fp/hard\libc_nano.a(libc_a-findfp.o)
 .text.__sfp_lock_acquire
                0x0801182c        0xc C:/ST/STM32CubeIDE_1.14.0/STM32CubeIDE/plugins/com.st.stm32cube.ide.mcu.externaltools.gnu-tools-for-stm32.13.3.rel1.win32_1.0.0.202411081344/tools/bin/../lib/gcc/arm-none-eabi/13.3.1/../../../../arm-none-eabi/lib/thumb/v7e-m+fp/hard\libc_nano.a(libc_a-findfp.o)
                0x0801182c                __sfp_lock_acquire
 .text.__sfp_lock_release
                0x08011838        0xc C:/ST/STM32CubeIDE_1.14.0/STM32CubeIDE/plugins/com.st.stm32cube.ide.mcu.externaltools.gnu-tools-for-stm32.13.3.rel1.win32_1.0.0.202411081344/tools/bin/../lib/gcc/arm-none-eabi/13.3.1/../../../../arm-none-eabi/lib/thumb/v7e-m+fp/hard\libc_nano.a(libc_a-findfp.o)
                0x08011838                __sfp_lock_release
 .text.__sinit  0x08011844       0x30 C:/ST/STM32CubeIDE_1.14.0/STM32CubeIDE/plugins/com.st.stm32cube.ide.mcu.externaltools.gnu-tools-for-stm32.13.3.rel1.win32_1.0.0.202411081344/tools/bin/../lib/gcc/arm-none-eabi/13.3.1/../../../../arm-none-eabi/lib/thumb/v7e-m+fp/hard\libc_nano.a(libc_a-findfp.o)
                0x08011844                __sinit
 .text._fwalk_sglue
                0x08011874       0x3c C:/ST/STM32CubeIDE_1.14.0/STM32CubeIDE/plugins/com.st.stm32cube.ide.mcu.externaltools.gnu-tools-for-stm32.13.3.rel1.win32_1.0.0.202411081344/tools/bin/../lib/gcc/arm-none-eabi/13.3.1/../../../../arm-none-eabi/lib/thumb/v7e-m+fp/hard\libc_nano.a(libc_a-fwalk.o)
                0x08011874                _fwalk_sglue
 .text.snprintf
                0x080118b0       0x6c C:/ST/STM32CubeIDE_1.14.0/STM32CubeIDE/plugins/com.st.stm32cube.ide.mcu.externaltools.gnu-tools-for-stm32.13.3.rel1.win32_1.0.0.202411081344/tools/bin/../lib/gcc/arm-none-eabi/13.3.1/../../../../arm-none-eabi/lib/thumb/v7e-m+fp/hard\libc_nano.a(libc_a-snprintf.o)
                0x080118b0                sniprintf
                0x080118b0                snprintf
 .text.sprintf  0x0801191c       0x44 C:/ST/STM32CubeIDE_1.14.0/STM32CubeIDE/plugins/com.st.stm32cube.ide.mcu.externaltools.gnu-tools-for-stm32.13.3.rel1.win32_1.0.0.202411081344/tools/bin/../lib/gcc/arm-none-eabi/13.3.1/../../../../arm-none-eabi/lib/thumb/v7e-m+fp/hard\libc_nano.a(libc_a-sprintf.o)
                0x0801191c                siprintf
                0x0801191c                sprintf
 .text.__sread  0x08011960       0x22 C:/ST/STM32CubeIDE_1.14.0/STM32CubeIDE/plugins/com.st.stm32cube.ide.mcu.externaltools.gnu-tools-for-stm32.13.3.rel1.win32_1.0.0.202411081344/tools/bin/../lib/gcc/arm-none-eabi/13.3.1/../../../../arm-none-eabi/lib/thumb/v7e-m+fp/hard\libc_nano.a(libc_a-stdio.o)
                0x08011960                __sread
 .text.__swrite
                0x08011982       0x38 C:/ST/STM32CubeIDE_1.14.0/STM32CubeIDE/plugins/com.st.stm32cube.ide.mcu.externaltools.gnu-tools-for-stm32.13.3.rel1.win32_1.0.0.202411081344/tools/bin/../lib/gcc/arm-none-eabi/13.3.1/../../../../arm-none-eabi/lib/thumb/v7e-m+fp/hard\libc_nano.a(libc_a-stdio.o)
                0x08011982                __swrite
 .text.__sseek  0x080119ba       0x24 C:/ST/STM32CubeIDE_1.14.0/STM32CubeIDE/plugins/com.st.stm32cube.ide.mcu.externaltools.gnu-tools-for-stm32.13.3.rel1.win32_1.0.0.202411081344/tools/bin/../lib/gcc/arm-none-eabi/13.3.1/../../../../arm-none-eabi/lib/thumb/v7e-m+fp/hard\libc_nano.a(libc_a-stdio.o)
                0x080119ba                __sseek
 .text.__sclose
                0x080119de        0x8 C:/ST/STM32CubeIDE_1.14.0/STM32CubeIDE/plugins/com.st.stm32cube.ide.mcu.externaltools.gnu-tools-for-stm32.13.3.rel1.win32_1.0.0.202411081344/tools/bin/../lib/gcc/arm-none-eabi/13.3.1/../../../../arm-none-eabi/lib/thumb/v7e-m+fp/hard\libc_nano.a(libc_a-stdio.o)
                0x080119de                __sclose
 .text.memset   0x080119e6       0x10 C:/ST/STM32CubeIDE_1.14.0/STM32CubeIDE/plugins/com.st.stm32cube.ide.mcu.externaltools.gnu-tools-for-stm32.13.3.rel1.win32_1.0.0.202411081344/tools/bin/../lib/gcc/arm-none-eabi/13.3.1/../../../../arm-none-eabi/lib/thumb/v7e-m+fp/hard\libc_nano.a(libc_a-memset.o)
                0x080119e6                memset
 .text.strncmp  0x080119f6       0x24 C:/ST/STM32CubeIDE_1.14.0/STM32CubeIDE/plugins/com.st.stm32cube.ide.mcu.externaltools.gnu-tools-for-stm32.13.3.rel1.win32_1.0.0.202411081344/tools/bin/../lib/gcc/arm-none-eabi/13.3.1/../../../../arm-none-eabi/lib/thumb/v7e-m+fp/hard\libc_nano.a(libc_a-strncmp.o)
                0x080119f6                strncmp
 .text.strncpy  0x08011a1a       0x26 C:/ST/STM32CubeIDE_1.14.0/STM32CubeIDE/plugins/com.st.stm32cube.ide.mcu.externaltools.gnu-tools-for-stm32.13.3.rel1.win32_1.0.0.202411081344/tools/bin/../lib/gcc/arm-none-eabi/13.3.1/../../../../arm-none-eabi/lib/thumb/v7e-m+fp/hard\libc_nano.a(libc_a-strncpy.o)
                0x08011a1a                strncpy
 .text.strnlen  0x08011a40       0x18 C:/ST/STM32CubeIDE_1.14.0/STM32CubeIDE/plugins/com.st.stm32cube.ide.mcu.externaltools.gnu-tools-for-stm32.13.3.rel1.win32_1.0.0.202411081344/tools/bin/../lib/gcc/arm-none-eabi/13.3.1/../../../../arm-none-eabi/lib/thumb/v7e-m+fp/hard\libc_nano.a(libc_a-strnlen.o)
                0x08011a40                strnlen
 .text._localeconv_r
                0x08011a58        0x8 C:/ST/STM32CubeIDE_1.14.0/STM32CubeIDE/plugins/com.st.stm32cube.ide.mcu.externaltools.gnu-tools-for-stm32.13.3.rel1.win32_1.0.0.202411081344/tools/bin/../lib/gcc/arm-none-eabi/13.3.1/../../../../arm-none-eabi/lib/thumb/v7e-m+fp/hard\libc_nano.a(libc_a-localeconv.o)
                0x08011a58                _localeconv_r
 .text._close_r
                0x08011a60       0x20 C:/ST/STM32CubeIDE_1.14.0/STM32CubeIDE/plugins/com.st.stm32cube.ide.mcu.externaltools.gnu-tools-for-stm32.13.3.rel1.win32_1.0.0.202411081344/tools/bin/../lib/gcc/arm-none-eabi/13.3.1/../../../../arm-none-eabi/lib/thumb/v7e-m+fp/hard\libc_nano.a(libc_a-closer.o)
                0x08011a60                _close_r
 .text._lseek_r
                0x08011a80       0x24 C:/ST/STM32CubeIDE_1.14.0/STM32CubeIDE/plugins/com.st.stm32cube.ide.mcu.externaltools.gnu-tools-for-stm32.13.3.rel1.win32_1.0.0.202411081344/tools/bin/../lib/gcc/arm-none-eabi/13.3.1/../../../../arm-none-eabi/lib/thumb/v7e-m+fp/hard\libc_nano.a(libc_a-lseekr.o)
                0x08011a80                _lseek_r
 .text._read_r  0x08011aa4       0x24 C:/ST/STM32CubeIDE_1.14.0/STM32CubeIDE/plugins/com.st.stm32cube.ide.mcu.externaltools.gnu-tools-for-stm32.13.3.rel1.win32_1.0.0.202411081344/tools/bin/../lib/gcc/arm-none-eabi/13.3.1/../../../../arm-none-eabi/lib/thumb/v7e-m+fp/hard\libc_nano.a(libc_a-readr.o)
                0x08011aa4                _read_r
 .text._write_r
                0x08011ac8       0x24 C:/ST/STM32CubeIDE_1.14.0/STM32CubeIDE/plugins/com.st.stm32cube.ide.mcu.externaltools.gnu-tools-for-stm32.13.3.rel1.win32_1.0.0.202411081344/tools/bin/../lib/gcc/arm-none-eabi/13.3.1/../../../../arm-none-eabi/lib/thumb/v7e-m+fp/hard\libc_nano.a(libc_a-writer.o)
                0x08011ac8                _write_r
 .text.__errno  0x08011aec        0xc C:/ST/STM32CubeIDE_1.14.0/STM32CubeIDE/plugins/com.st.stm32cube.ide.mcu.externaltools.gnu-tools-for-stm32.13.3.rel1.win32_1.0.0.202411081344/tools/bin/../lib/gcc/arm-none-eabi/13.3.1/../../../../arm-none-eabi/lib/thumb/v7e-m+fp/hard\libc_nano.a(libc_a-errno.o)
                0x08011aec                __errno
 .text.__libc_init_array
                0x08011af8       0x48 C:/ST/STM32CubeIDE_1.14.0/STM32CubeIDE/plugins/com.st.stm32cube.ide.mcu.externaltools.gnu-tools-for-stm32.13.3.rel1.win32_1.0.0.202411081344/tools/bin/../lib/gcc/arm-none-eabi/13.3.1/../../../../arm-none-eabi/lib/thumb/v7e-m+fp/hard\libc_nano.a(libc_a-init.o)
                0x08011af8                __libc_init_array
 .text.__retarget_lock_init_recursive
                0x08011b40        0x2 C:/ST/STM32CubeIDE_1.14.0/STM32CubeIDE/plugins/com.st.stm32cube.ide.mcu.externaltools.gnu-tools-for-stm32.13.3.rel1.win32_1.0.0.202411081344/tools/bin/../lib/gcc/arm-none-eabi/13.3.1/../../../../arm-none-eabi/lib/thumb/v7e-m+fp/hard\libc_nano.a(libc_a-lock.o)
                0x08011b40                __retarget_lock_init_recursive
 .text.__retarget_lock_acquire_recursive
                0x08011b42        0x2 C:/ST/STM32CubeIDE_1.14.0/STM32CubeIDE/plugins/com.st.stm32cube.ide.mcu.externaltools.gnu-tools-for-stm32.13.3.rel1.win32_1.0.0.202411081344/tools/bin/../lib/gcc/arm-none-eabi/13.3.1/../../../../arm-none-eabi/lib/thumb/v7e-m+fp/hard\libc_nano.a(libc_a-lock.o)
                0x08011b42                __retarget_lock_acquire_recursive
 .text.__retarget_lock_release_recursive
                0x08011b44        0x2 C:/ST/STM32CubeIDE_1.14.0/STM32CubeIDE/plugins/com.st.stm32cube.ide.mcu.externaltools.gnu-tools-for-stm32.13.3.rel1.win32_1.0.0.202411081344/tools/bin/../lib/gcc/arm-none-eabi/13.3.1/../../../../arm-none-eabi/lib/thumb/v7e-m+fp/hard\libc_nano.a(libc_a-lock.o)
                0x08011b44                __retarget_lock_release_recursive
 .text.memcpy   0x08011b46       0x1c C:/ST/STM32CubeIDE_1.14.0/STM32CubeIDE/plugins/com.st.stm32cube.ide.mcu.externaltools.gnu-tools-for-stm32.13.3.rel1.win32_1.0.0.202411081344/tools/bin/../lib/gcc/arm-none-eabi/13.3.1/../../../../arm-none-eabi/lib/thumb/v7e-m+fp/hard\libc_nano.a(libc_a-memcpy-stub.o)
                0x08011b46                memcpy
 *fill*         0x08011b62        0x6 
 .text.nan      0x08011b68       0x10 C:/ST/STM32CubeIDE_1.14.0/STM32CubeIDE/plugins/com.st.stm32cube.ide.mcu.externaltools.gnu-tools-for-stm32.13.3.rel1.win32_1.0.0.202411081344/tools/bin/../lib/gcc/arm-none-eabi/13.3.1/../../../../arm-none-eabi/lib/thumb/v7e-m+fp/hard\libc_nano.a(libm_a-s_nan.o)
                0x08011b68                nan
 .text.nanf     0x08011b78        0xc C:/ST/STM32CubeIDE_1.14.0/STM32CubeIDE/plugins/com.st.stm32cube.ide.mcu.externaltools.gnu-tools-for-stm32.13.3.rel1.win32_1.0.0.202411081344/tools/bin/../lib/gcc/arm-none-eabi/13.3.1/../../../../arm-none-eabi/lib/thumb/v7e-m+fp/hard\libc_nano.a(libm_a-sf_nan.o)
                0x08011b78                nanf
 .text.quorem   0x08011b84      0x110 C:/ST/STM32CubeIDE_1.14.0/STM32CubeIDE/plugins/com.st.stm32cube.ide.mcu.externaltools.gnu-tools-for-stm32.13.3.rel1.win32_1.0.0.202411081344/tools/bin/../lib/gcc/arm-none-eabi/13.3.1/../../../../arm-none-eabi/lib/thumb/v7e-m+fp/hard\libc_nano.a(libc_a-dtoa.o)
 *fill*         0x08011c94        0x4 
 .text._dtoa_r  0x08011c98      0xba0 C:/ST/STM32CubeIDE_1.14.0/STM32CubeIDE/plugins/com.st.stm32cube.ide.mcu.externaltools.gnu-tools-for-stm32.13.3.rel1.win32_1.0.0.202411081344/tools/bin/../lib/gcc/arm-none-eabi/13.3.1/../../../../arm-none-eabi/lib/thumb/v7e-m+fp/hard\libc_nano.a(libc_a-dtoa.o)
                0x08011c98                _dtoa_r
 .text._free_r  0x08012838       0x94 C:/ST/STM32CubeIDE_1.14.0/STM32CubeIDE/plugins/com.st.stm32cube.ide.mcu.externaltools.gnu-tools-for-stm32.13.3.rel1.win32_1.0.0.202411081344/tools/bin/../lib/gcc/arm-none-eabi/13.3.1/../../../../arm-none-eabi/lib/thumb/v7e-m+fp/hard\libc_nano.a(libc_a-freer.o)
                0x08012838                _free_r
 .text.rshift   0x080128cc       0xa4 C:/ST/STM32CubeIDE_1.14.0/STM32CubeIDE/plugins/com.st.stm32cube.ide.mcu.externaltools.gnu-tools-for-stm32.13.3.rel1.win32_1.0.0.202411081344/tools/bin/../lib/gcc/arm-none-eabi/13.3.1/../../../../arm-none-eabi/lib/thumb/v7e-m+fp/hard\libc_nano.a(libc_a-gdtoa-gethex.o)
 .text.__hexdig_fun
                0x08012970       0x2a C:/ST/STM32CubeIDE_1.14.0/STM32CubeIDE/plugins/com.st.stm32cube.ide.mcu.externaltools.gnu-tools-for-stm32.13.3.rel1.win32_1.0.0.202411081344/tools/bin/../lib/gcc/arm-none-eabi/13.3.1/../../../../arm-none-eabi/lib/thumb/v7e-m+fp/hard\libc_nano.a(libc_a-gdtoa-gethex.o)
                0x08012970                __hexdig_fun
 *fill*         0x0801299a        0x2 
 .text.__gethex
                0x0801299c      0x420 C:/ST/STM32CubeIDE_1.14.0/STM32CubeIDE/plugins/com.st.stm32cube.ide.mcu.externaltools.gnu-tools-for-stm32.13.3.rel1.win32_1.0.0.202411081344/tools/bin/../lib/gcc/arm-none-eabi/13.3.1/../../../../arm-none-eabi/lib/thumb/v7e-m+fp/hard\libc_nano.a(libc_a-gdtoa-gethex.o)
                0x0801299c                __gethex
 .text.L_shift  0x08012dbc       0x24 C:/ST/STM32CubeIDE_1.14.0/STM32CubeIDE/plugins/com.st.stm32cube.ide.mcu.externaltools.gnu-tools-for-stm32.13.3.rel1.win32_1.0.0.202411081344/tools/bin/../lib/gcc/arm-none-eabi/13.3.1/../../../../arm-none-eabi/lib/thumb/v7e-m+fp/hard\libc_nano.a(libc_a-gdtoa-hexnan.o)
 .text.__match  0x08012de0       0x28 C:/ST/STM32CubeIDE_1.14.0/STM32CubeIDE/plugins/com.st.stm32cube.ide.mcu.externaltools.gnu-tools-for-stm32.13.3.rel1.win32_1.0.0.202411081344/tools/bin/../lib/gcc/arm-none-eabi/13.3.1/../../../../arm-none-eabi/lib/thumb/v7e-m+fp/hard\libc_nano.a(libc_a-gdtoa-hexnan.o)
                0x08012de0                __match
 .text.__hexnan
                0x08012e08      0x136 C:/ST/STM32CubeIDE_1.14.0/STM32CubeIDE/plugins/com.st.stm32cube.ide.mcu.externaltools.gnu-tools-for-stm32.13.3.rel1.win32_1.0.0.202411081344/tools/bin/../lib/gcc/arm-none-eabi/13.3.1/../../../../arm-none-eabi/lib/thumb/v7e-m+fp/hard\libc_nano.a(libc_a-gdtoa-hexnan.o)
                0x08012e08                __hexnan
 *fill*         0x08012f3e        0x2 
 .text.malloc   0x08012f40       0x10 C:/ST/STM32CubeIDE_1.14.0/STM32CubeIDE/plugins/com.st.stm32cube.ide.mcu.externaltools.gnu-tools-for-stm32.13.3.rel1.win32_1.0.0.202411081344/tools/bin/../lib/gcc/arm-none-eabi/13.3.1/../../../../arm-none-eabi/lib/thumb/v7e-m+fp/hard\libc_nano.a(libc_a-malloc.o)
                0x08012f40                malloc
 .text.sbrk_aligned
                0x08012f50       0x44 C:/ST/STM32CubeIDE_1.14.0/STM32CubeIDE/plugins/com.st.stm32cube.ide.mcu.externaltools.gnu-tools-for-stm32.13.3.rel1.win32_1.0.0.202411081344/tools/bin/../lib/gcc/arm-none-eabi/13.3.1/../../../../arm-none-eabi/lib/thumb/v7e-m+fp/hard\libc_nano.a(libc_a-mallocr.o)
 .text._malloc_r
                0x08012f94      0x100 C:/ST/STM32CubeIDE_1.14.0/STM32CubeIDE/plugins/com.st.stm32cube.ide.mcu.externaltools.gnu-tools-for-stm32.13.3.rel1.win32_1.0.0.202411081344/tools/bin/../lib/gcc/arm-none-eabi/13.3.1/../../../../arm-none-eabi/lib/thumb/v7e-m+fp/hard\libc_nano.a(libc_a-mallocr.o)
                0x08012f94                _malloc_r
 .text.__ascii_mbtowc
                0x08013094       0x24 C:/ST/STM32CubeIDE_1.14.0/STM32CubeIDE/plugins/com.st.stm32cube.ide.mcu.externaltools.gnu-tools-for-stm32.13.3.rel1.win32_1.0.0.202411081344/tools/bin/../lib/gcc/arm-none-eabi/13.3.1/../../../../arm-none-eabi/lib/thumb/v7e-m+fp/hard\libc_nano.a(libc_a-mbtowc_r.o)
                0x08013094                __ascii_mbtowc
 .text.__malloc_lock
                0x080130b8        0xc C:/ST/STM32CubeIDE_1.14.0/STM32CubeIDE/plugins/com.st.stm32cube.ide.mcu.externaltools.gnu-tools-for-stm32.13.3.rel1.win32_1.0.0.202411081344/tools/bin/../lib/gcc/arm-none-eabi/13.3.1/../../../../arm-none-eabi/lib/thumb/v7e-m+fp/hard\libc_nano.a(libc_a-mlock.o)
                0x080130b8                __malloc_lock
 .text.__malloc_unlock
                0x080130c4        0xc C:/ST/STM32CubeIDE_1.14.0/STM32CubeIDE/plugins/com.st.stm32cube.ide.mcu.externaltools.gnu-tools-for-stm32.13.3.rel1.win32_1.0.0.202411081344/tools/bin/../lib/gcc/arm-none-eabi/13.3.1/../../../../arm-none-eabi/lib/thumb/v7e-m+fp/hard\libc_nano.a(libc_a-mlock.o)
                0x080130c4                __malloc_unlock